Component: ARM Compiler 5.06 update 1 (build 61) Tool: armlink [4d35a8]

==============================================================================

Section Cross References

    startup_stm32f10x_hd.o(RESET) refers to startup_stm32f10x_hd.o(STACK) for __initial_sp
    startup_stm32f10x_hd.o(RESET) refers to startup_stm32f10x_hd.o(.text) for Reset_Handler
    startup_stm32f10x_hd.o(RESET) refers to stm32f10x_it.o(.text) for NMI_Handler
    startup_stm32f10x_hd.o(.text) refers to system_stm32f10x.o(.text) for SystemInit
    startup_stm32f10x_hd.o(.text) refers to entry.o(.ARM.Collect$$$$00000000) for __main
    system_stm32f10x.o(.text) refers to system_stm32f10x.o(.data) for SystemCoreClock
    stm32f10x_bkp.o(.text) refers to stm32f10x_rcc.o(.text) for RCC_BackupResetCmd
    stm32f10x_gpio.o(.text) refers to stm32f10x_rcc.o(.text) for RCC_APB2PeriphResetCmd
    stm32f10x_rcc.o(.text) refers to stm32f10x_rcc.o(.data) for APBAHBPrescTable
    stm32f10x_spi.o(.text) refers to stm32f10x_rcc.o(.text) for RCC_APB2PeriphResetCmd
    stm32f10x_tim.o(.text) refers to stm32f10x_rcc.o(.text) for RCC_APB2PeriphResetCmd
    stm32f10x_usart.o(.text) refers to stm32f10x_rcc.o(.text) for RCC_APB2PeriphResetCmd
    main.o(.text) refers to utility.o(.text) for systick_init
    main.o(.text) refers to bsp_usart1.o(.text) for USART2_Config
    main.o(.text) refers to printf8.o(i.__0printf$8) for __2printf
    main.o(.text) refers to w5500_conf.o(.text) for gpio_for_w5500_config
    main.o(.text) refers to w5500.o(.text) for socket_buf_init
    main.o(.text) refers to tcp_demo.o(.text) for do_tcp_client
    main.o(.text) refers to w5500.o(.data) for rxsize
    main.o(.text) refers to main.o(.conststring) for .conststring
    main.o(.text) refers to w5500_conf.o(.data) for local_port
    stm32f10x_it.o(.text) refers to stm32f10x_tim.o(.text) for TIM_GetITStatus
    stm32f10x_it.o(.text) refers to w5500_conf.o(.text) for timer2_isr
    bsp_usart1.o(.text) refers to stm32f10x_rcc.o(.text) for RCC_APB2PeriphClockCmd
    bsp_usart1.o(.text) refers to stm32f10x_gpio.o(.text) for GPIO_Init
    bsp_usart1.o(.text) refers to stm32f10x_usart.o(.text) for USART_Init
    bsp_spi_flash.o(.text) refers to stm32f10x_rcc.o(.text) for RCC_APB2PeriphClockCmd
    bsp_spi_flash.o(.text) refers to stm32f10x_gpio.o(.text) for GPIO_Init
    bsp_spi_flash.o(.text) refers to stm32f10x_spi.o(.text) for SPI_Init
    bsp_timbase.o(.text) refers to misc.o(.text) for NVIC_PriorityGroupConfig
    bsp_timbase.o(.text) refers to stm32f10x_rcc.o(.text) for RCC_APB1PeriphClockCmd
    bsp_timbase.o(.text) refers to stm32f10x_tim.o(.text) for TIM_TimeBaseInit
    w5500_conf.o(.text) refers to printf8.o(i.__0printf$8) for __2printf
    w5500_conf.o(.text) refers to w5500.o(.text) for setSUBR
    w5500_conf.o(.text) refers to bsp_spi_flash.o(.text) for SPI_FLASH_Init
    w5500_conf.o(.text) refers to stm32f10x_rcc.o(.text) for RCC_APB2PeriphClockCmd
    w5500_conf.o(.text) refers to stm32f10x_gpio.o(.text) for GPIO_Init
    w5500_conf.o(.text) refers to utility.o(.text) for delay_us
    w5500_conf.o(.text) refers to bsp_timbase.o(.text) for TIM2_Configuration
    w5500_conf.o(.text) refers to w5500_conf.o(.bss) for ConfigMsg
    w5500_conf.o(.text) refers to w5500_conf.o(.data) for mac
    w5500_conf.o(.text) refers to dhcp.o(.bss) for DHCP_GET
    w5500.o(.text) refers to w5500_conf.o(.text) for IINCHIP_WRITE
    w5500.o(.text) refers to printf8.o(i.__0printf$8) for __2printf
    w5500.o(.text) refers to w5500.o(.bss) for RSIZE
    socket.o(.text) refers to w5500_conf.o(.text) for IINCHIP_WRITE
    socket.o(.text) refers to w5500.o(.text) for getSn_IR
    socket.o(.text) refers to printf8.o(i.__0printf$8) for __2printf
    socket.o(.text) refers to w5500_conf.o(.data) for local_port
    utility.o(.text) refers to memseta.o(.text) for __aeabi_memset
    utility.o(.text) refers to strstr.o(.text) for strstr
    utility.o(.text) refers to strlen.o(.text) for strlen
    utility.o(.text) refers to strncpy.o(.text) for strncpy
    utility.o(.text) refers to strcpy.o(.text) for strcpy
    utility.o(.text) refers to strtok.o(.text) for strtok
    utility.o(.text) refers to printf8.o(i.__0sprintf$8) for __2sprintf
    utility.o(.text) refers to printfa.o(i.__0printf) for __c89printf
    utility.o(.text) refers to w5500_conf.o(.text) for IINCHIP_READ
    utility.o(.text) refers to utility.o(.data) for fac_us
    utility.o(.text) refers to utility.o(.bss) for addr_str
    tcp_demo.o(.text) refers to w5500.o(.text) for getSn_SR
    tcp_demo.o(.text) refers to socket.o(.text) for socket
    tcp_demo.o(.text) refers to printf8.o(i.__0printf$8) for __2printf
    tcp_demo.o(.text) refers to utility.o(.text) for delay_ms
    tcp_demo.o(.text) refers to w5500_conf.o(.data) for local_port
    tcp_demo.o(.text) refers to tcp_demo.o(.bss) for buff
[...]
    printf4.o(i.__0sprintf$4) refers to printf4.o(i._sputc) for _sputc
    printf4.o(i.__0vfprintf$4) refers to printf4.o(i._printf_core) for _printf_core
    printf4.o(i.__0vfprintf$4) refers to bsp_usart1.o(.text) for fputc
    printf4.o(i.__0vprintf$4) refers to printf4.o(i._printf_core) for _printf_core
    printf4.o(i.__0vprintf$4) refers to bsp_usart1.o(.text) for fputc
    printf4.o(i.__0vprintf$4) refers to stdout.o(.data) for __stdout
    printf4.o(i.__0vsnprintf$4) refers to printf4.o(i._printf_core) for _printf_core
    printf4.o(i.__0vsnprintf$4) refers to printf4.o(i._snputc) for _snputc
    printf4.o(i.__0vsprintf$4) refers to printf4.o(i._printf_core) for _printf_core
    printf4.o(i.__0vsprintf$4) refers to printf4.o(i._sputc) for _sputc
    printf4.o(i._printf_core) refers to uldiv.o(.text) for __aeabi_uldivmod
    printf5.o(i.__0fprintf$5) refers to printf5.o(i._printf_core) for _printf_core
    printf5.o(i.__0fprintf$5) refers to bsp_usart1.o(.text) for fputc
    printf5.o(i.__0printf$5) refers to printf5.o(i._printf_core) for _printf_core
    printf5.o(i.__0printf$5) refers to bsp_usart1.o(.text) for fputc
    printf5.o(i.__0printf$5) refers to stdout.o(.data) for __stdout
    printf5.o(i.__0snprintf$5) refers to printf5.o(i._printf_core) for _printf_core
    printf5.o(i.__0snprintf$5) refers to printf5.o(i._snputc) for _snputc
    printf5.o(i.__0sprintf$5) refers to printf5.o(i._printf_core) for _printf_core
    printf5.o(i.__0sprintf$5) refers to printf5.o(i._sputc) for _sputc
    printf5.o(i.__0vfprintf$5) refers to printf5.o(i._printf_core) for _printf_core
    printf5.o(i.__0vfprintf$5) refers to bsp_usart1.o(.text) for fputc
    printf5.o(i.__0vprintf$5) refers to printf5.o(i._printf_core) for _printf_core
    printf5.o(i.__0vprintf$5) refers to bsp_usart1.o(.text) for fputc
    printf5.o(i.__0vprintf$5) refers to stdout.o(.data) for __stdout
    printf5.o(i.__0vsnprintf$5) refers to printf5.o(i._printf_core) for _printf_core
    printf5.o(i.__0vsnprintf$5) refers to printf5.o(i._snputc) for _snputc
    printf5.o(i.__0vsprintf$5) refers to printf5.o(i._printf_core) for _printf_core
    printf5.o(i.__0vsprintf$5) refers to printf5.o(i._sputc) for _sputc
    printf5.o(i._printf_core) refers to uldiv.o(.text) for __aeabi_uldivmod
    printf6.o(i.__0fprintf$6) refers to printf6.o(i._printf_core) for _printf_core
    printf6.o(i.__0fprintf$6) refers to bsp_usart1.o(.text) for fputc
    printf6.o(i.__0printf$6) refers to printf6.o(i._printf_core) for _printf_core
    printf6.o(i.__0printf$6) refers to bsp_usart1.o(.text) for fputc
    printf6.o(i.__0printf$6) refers to stdout.o(.data) for __stdout
    printf6.o(i.__0snprintf$6) refers to printf6.o(i._printf_core) for _printf_core
    printf6.o(i.__0snprintf$6) refers to printf6.o(i._snputc) for _snputc
    printf6.o(i.__0sprintf$6) refers to printf6.o(i._printf_core) for _printf_core
    printf6.o(i.__0sprintf$6) refers to printf6.o(i._sputc) for _sputc
    printf6.o(i.__0vfprintf$6) refers to printf6.o(i._printf_core) for _printf_core
    printf6.o(i.__0vfprintf$6) refers to bsp_usart1.o(.text) for fputc
    printf6.o(i.__0vprintf$6) refers to printf6.o(i._printf_core) for _printf_core
    printf6.o(i.__0vprintf$6) refers to bsp_usart1.o(.text) for fputc
    printf6.o(i.__0vprintf$6) refers to stdout.o(.data) for __stdout
    printf6.o(i.__0vsnprintf$6) refers to printf6.o(i._printf_core) for _printf_core
    printf6.o(i.__0vsnprintf$6) refers to printf6.o(i._snputc) for _snputc
    printf6.o(i.__0vsprintf$6) refers to printf6.o(i._printf_core) for _printf_core
    printf6.o(i.__0vsprintf$6) refers to printf6.o(i._sputc) for _sputc
    printf6.o(i._printf_core) refers to printf6.o(i._printf_pre_padding) for _printf_pre_padding
    printf6.o(i._printf_core) refers to uidiv.o(.text) for __aeabi_uidivmod
    printf6.o(i._printf_core) refers to printf6.o(i._printf_post_padding) for _printf_post_padding
    printf7.o(i.__0fprintf$7) refers to printf7.o(i._printf_core) for _printf_core
    printf7.o(i.__0fprintf$7) refers to bsp_usart1.o(.text) for fputc
    printf7.o(i.__0printf$7) refers to printf7.o(i._printf_core) for _printf_core
    printf7.o(i.__0printf$7) refers to bsp_usart1.o(.text) for fputc
    printf7.o(i.__0printf$7) refers to stdout.o(.data) for __stdout
    printf7.o(i.__0snprintf$7) refers to printf7.o(i._printf_core) for _printf_core
    printf7.o(i.__0snprintf$7) refers to printf7.o(i._snputc) for _snputc
    printf7.o(i.__0sprintf$7) refers to printf7.o(i._printf_core) for _printf_core
    printf7.o(i.__0sprintf$7) refers to printf7.o(i._sputc) for _sputc
    printf7.o(i.__0vfprintf$7) refers to printf7.o(i._printf_core) for _printf_core
    printf7.o(i.__0vfprintf$7) refers to bsp_usart1.o(.text) for fputc
    printf7.o(i.__0vprintf$7) refers to printf7.o(i._printf_core) for _printf_core
    printf7.o(i.__0vprintf$7) refers to bsp_usart1.o(.text) for fputc
    printf7.o(i.__0vprintf$7) refers to stdout.o(.data) for __stdout
    printf7.o(i.__0vsnprintf$7) refers to printf7.o(i._printf_core) for _printf_core
    printf7.o(i.__0vsnprintf$7) refers to printf7.o(i._snputc) for _snputc
    printf7.o(i.__0vsprintf$7) refers to printf7.o(i._printf_core) for _printf_core
    printf7.o(i.__0vsprintf$7) refers to printf7.o(i._sputc) for _sputc
    printf7.o(i._printf_core) refers to printf7.o(i._printf_pre_padding) for _printf_pre_padding
    printf7.o(i._printf_core) refers to uldiv.o(.text) for __aeabi_uldivmod
    printf7.o(i._printf_core) refers to printf7.o(i._printf_post_padding) for _printf_post_padding
    printf8.o(i.__0fprintf$8) refers to printf8.o(i._printf_core) for _printf_core
    printf8.o(i.__0fprintf$8) refers to bsp_usart1.o(.text) for fputc
    printf8.o(i.__0printf$8) refers to printf8.o(i._printf_core) for _printf_core
    printf8.o(i.__0printf$8) refers to bsp_usart1.o(.text) for fputc
    printf8.o(i.__0printf$8) refers to stdout.o(.data) for __stdout
    printf8.o(i.__0snprintf$8) refers to printf8.o(i._printf_core) for _printf_core
    printf8.o(i.__0snprintf$8) refers to printf8.o(i._snputc) for _snputc
    printf8.o(i.__0sprintf$8) refers to printf8.o(i._printf_core) for _printf_core
    printf8.o(i.__0sprintf$8) refers to printf8.o(i._sputc) for _sputc
    printf8.o(i.__0vfprintf$8) refers to printf8.o(i._printf_core) for _printf_core
    printf8.o(i.__0vfprintf$8) refers to bsp_usart1.o(.text) for fputc
    printf8.o(i.__0vprintf$8) refers to printf8.o(i._printf_core) for _printf_core
    printf8.o(i.__0vprintf$8) refers to bsp_usart1.o(.text) for fputc
    printf8.o(i.__0vprintf$8) refers to stdout.o(.data) for __stdout
    printf8.o(i.__0vsnprintf$8) refers to printf8.o(i._printf_core) for _printf_core
    printf8.o(i.__0vsnprintf$8) refers to printf8.o(i._snputc) for _snputc
    printf8.o(i.__0vsprintf$8) refers to printf8.o(i._printf_core) for _printf_core
    printf8.o(i.__0vsprintf$8) refers to printf8.o(i._sputc) for _sputc
    printf8.o(i._printf_core) refers to printf8.o(i._printf_pre_padding) for _printf_pre_padding
    printf8.o(i._printf_core) refers to uldiv.o(.text) for __aeabi_uldivmod
    printf8.o(i._printf_core) refers to printf8.o(i._printf_post_padding) for _printf_post_padding
    printfa.o(i.__0fprintf) refers (Special) to iusefp.o(.text) for __I$use$fp
    printfa.o(i.__0fprintf) refers to printfa.o(i._printf_core) for _printf_core
    printfa.o(i.__0fprintf) refers to bsp_usart1.o(.text) for fputc
    printfa.o(i.__0printf) refers (Special) to iusefp.o(.text) for __I$use$fp
    printfa.o(i.__0printf) refers to printfa.o(i._printf_core) for _printf_core
    printfa.o(i.__0printf) refers to bsp_usart1.o(.text) for fputc
    printfa.o(i.__0printf) refers to stdout.o(.data) for __stdout
    printfa.o(i.__0snprintf) refers (Special) to iusefp.o(.text) for __I$use$fp
    printfa.o(i.__0snprintf) refers to printfa.o(i._printf_core) for _printf_core
    printfa.o(i.__0snprintf) refers to printfa.o(i._snputc) for _snputc
    printfa.o(i.__0sprintf) refers (Special) to iusefp.o(.text) for __I$use$fp
    printfa.o(i.__0sprintf) refers to printfa.o(i._printf_core) for _printf_core
    printfa.o(i.__0sprintf) refers to printfa.o(i._sputc) for _sputc
    printfa.o(i.__0vfprintf) refers (Special) to iusefp.o(.text) for __I$use$fp
    printfa.o(i.__0vfprintf) refers to printfa.o(i._printf_core) for _printf_core
    printfa.o(i.__0vfprintf) refers to bsp_usart1.o(.text) for fputc
    printfa.o(i.__0vprintf) refers (Special) to iusefp.o(.text) for __I$use$fp
    printfa.o(i.__0vprintf) refers to printfa.o(i._printf_core) for _printf_core
    printfa.o(i.__0vprintf) refers to bsp_usart1.o(.text) for fputc
    printfa.o(i.__0vprintf) refers to stdout.o(.data) for __stdout
    printfa.o(i.__0vsnprintf) refers (Special) to iusefp.o(.text) for __I$use$fp
    printfa.o(i.__0vsnprintf) refers to printfa.o(i._printf_core) for _printf_core
    printfa.o(i.__0vsnprintf) refers to printfa.o(i._snputc) for _snputc
    printfa.o(i.__0vsprintf) refers (Special) to iusefp.o(.text) for __I$use$fp
    printfa.o(i.__0vsprintf) refers to printfa.o(i._printf_core) for _printf_core
    printfa.o(i.__0vsprintf) refers to printfa.o(i._sputc) for _sputc
    printfa.o(i._fp_digits) refers (Special) to iusefp.o(.text) for __I$use$fp
    printfa.o(i._fp_digits) refers to dmul.o(.text) for __aeabi_dmul
    printfa.o(i._fp_digits) refers to ddiv.o(.text) for __aeabi_ddiv
    printfa.o(i._fp_digits) refers to cdrcmple.o(.text) for __aeabi_cdrcmple
    printfa.o(i._fp_digits) refers to dadd.o(.text) for __aeabi_dadd
    printfa.o(i._fp_digits) refers to dfixul.o(.text) for __aeabi_d2ulz
    printfa.o(i._fp_digits) refers to uldiv.o(.text) for __aeabi_uldivmod
    printfa.o(i._printf_core) refers (Special) to iusefp.o(.text) for __I$use$fp
    printfa.o(i._printf_core) refers to printfa.o(i._printf_pre_padding) for _printf_pre_padding
    printfa.o(i._printf_core) refers to uldiv.o(.text) for __aeabi_uldivmod
    printfa.o(i._printf_core) refers to printfa.o(i._printf_post_padding) for _printf_post_padding
    printfa.o(i._printf_core) refers to printfa.o(i._fp_digits) for _fp_digits
    printfa.o(i._printf_core) refers to uidiv.o(.text) for __aeabi_uidivmod
    printfa.o(i._printf_post_padding) refers (Special) to iusefp.o(.text) for __I$use$fp
    printfa.o(i._printf_pre_padding) refers (Special) to iusefp.o(.text) for __I$use$fp
    printfa.o(i._snputc) refers (Special) to iusefp.o(.text) for __I$use$fp
    printfa.o(i._sputc) refers (Special) to iusefp.o(.text) for __I$use$fp
    entry2.o(.ARM.Collect$$$$00000001) refers to entry2.o(.ARM.Collect$$$$00002712) for __lit__00000000
    entry2.o(.ARM.Collect$$$$00002712) refers to startup_stm32f10x_hd.o(STACK) for __initial_sp
    entry2.o(__vectab_stack_and_reset_area) refers to startup_stm32f10x_hd.o(STACK) for __initial_sp
    entry2.o(__vectab_stack_and_reset_area) refers to entry.o(.ARM.Collect$$$$00000000) for __main
    entry5.o(.ARM.Collect$$$$00000004) refers to init.o(.text) for __scatterload
    entry9a.o(.ARM.Collect$$$$0000000B) refers to main.o(.text) for main
    entry9b.o(.ARM.Collect$$$$0000000C) refers to main.o(.text) for main
    dadd.o(.text) refers to llshl.o(.text) for __aeabi_llsl
    dadd.o(.text) refers to llsshr.o(.text) for __aeabi_lasr
    dadd.o(.text) refers to depilogue.o(.text) for _double_epilogue
    dmul.o(.text) refers to depilogue.o(.text) for _double_epilogue
    ddiv.o(.text) refers to depilogue.o(.text) for _double_round
    dfixul.o(.text) refers to llushr.o(.text) for __aeabi_llsr
    dfixul.o(.text) refers to llshl.o(.text) for __aeabi_llsl
    init.o(.text) refers to entry5.o(.ARM.Collect$$$$00000004) for __main_after_scatterload
    depilogue.o(.text) refers to llshl.o(.text) for __aeabi_llsl
    depilogue.o(.text) refers to llushr.o(.text) for __aeabi_llsr


==============================================================================

Removing Unused input sections from the image.

    Removing startup_stm32f10x_hd.o(HEAP), (512 bytes).
    Removing core_cm3.o(.emb_text), (32 bytes).
    Removing stm32f10x_bkp.o(.text), (196 bytes).
    Removing stm32f10x_exti.o(.text), (284 bytes).
    Removing stm32f10x_flash.o(.text), (1468 bytes).
    Removing main.o(.data), (1 bytes).
    Removing bsp_spi_flash.o(.bss), (75 bytes).
    Removing bsp_spi_flash.o(.data), (85 bytes).
    Removing dhcp.o(.text), (3712 bytes).
    Removing dhcp.o(.conststring), (5 bytes).
    Removing dhcp.o(.data), (64 bytes).
    Removing dns.o(.text), (1420 bytes).
    Removing dns.o(.bss), (1024 bytes).
    Removing dns.o(.data), (24 bytes).
    Removing smtp.o(.text), (1282 bytes).
    Removing smtp.o(.bss), (2348 bytes).
    Removing smtp.o(.conststring), (65 bytes).
    Removing smtp.o(.data), (1019 bytes).
    Removing http_server.o(.text), (1296 bytes).
    Removing http_server.o(.bss), (3944 bytes).
    Removing http_server.o(.conststring), (145 bytes).
    Removing httputil.o(.text), (972 bytes).
    Removing httputil.o(.bss), (64 bytes).
    Removing httputil.o(.constdata), (118 bytes).
    Removing httputil.o(.conststring), (2270 bytes).
    Removing httputil.o(.data), (1460 bytes).
    Removing ntp.o(.text), (2068 bytes).
    Removing ntp.o(.bss), (2156 bytes).
    Removing ntp.o(.data), (16 bytes).

29 unused section(s) (total 28125 bytes) removed from the image.

==============================================================================

Image Symbol Table

    Local Symbols

    Symbol Name                              Value     Ov Type        Size  Object(Section)

    ../clib/microlib/division.c              0x00000000   Number         0  uldiv.o ABSOLUTE
    ../clib/microlib/division.c              0x00000000   Number         0  uidiv.o ABSOLUTE
    ../clib/microlib/init/entry.s            0x00000000   Number         0  entry9a.o ABSOLUTE
    ../clib/microlib/init/entry.s            0x00000000   Number         0  entry.o ABSOLUTE
    ../clib/microlib/init/entry.s            0x00000000   Number         0  entry5.o ABSOLUTE
    ../clib/microlib/init/entry.s            0x00000000   Number         0  entry10a.o ABSOLUTE
    ../clib/microlib/init/entry.s            0x00000000   Number         0  entry7a.o ABSOLUTE
    ../clib/microlib/init/entry.s            0x00000000   Number         0  entry9b.o ABSOLUTE
    ../clib/microlib/init/entry.s            0x00000000   Number         0  entry7b.o ABSOLUTE
    ../clib/microlib/init/entry.s            0x00000000   Number         0  entry8a.o ABSOLUTE
    ../clib/microlib/init/entry.s            0x00000000   Number         0  entry10b.o ABSOLUTE
    ../clib/microlib/init/entry.s            0x00000000   Number         0  entry11a.o ABSOLUTE
    ../clib/microlib/init/entry.s            0x00000000   Number         0  entry11b.o ABSOLUTE
    ../clib/microlib/init/entry.s            0x00000000   Number         0  entry8b.o ABSOLUTE
    ../clib/microlib/init/entry.s            0x00000000   Number         0  entry2.o ABSOLUTE
    ../clib/microlib/longlong.c              0x00000000   Number         0  llushr.o ABSOLUTE
    ../clib/microlib/longlong.c              0x00000000   Number         0  llsshr.o ABSOLUTE
    ../clib/microlib/longlong.c              0x00000000   Number         0  llshl.o ABSOLUTE
    ../clib/microlib/printf/printf.c         0x00000000   Number         0  printf2.o ABSOLUTE
    ../clib/microlib/printf/printf.c         0x00000000   Number         0  printf1.o ABSOLUTE
    ../clib/microlib/printf/printf.c         0x00000000   Number         0  printf8.o ABSOLUTE
    ../clib/microlib/printf/printf.c         0x00000000   Number         0  printf0.o ABSOLUTE
    ../clib/microlib/printf/printf.c         0x00000000   Number         0  printfb.o ABSOLUTE
    ../clib/microlib/printf/printf.c         0x00000000   Number         0  printfa.o ABSOLUTE
    ../clib/microlib/printf/printf.c         0x00000000   Number         0  printf7.o ABSOLUTE
    ../clib/microlib/printf/printf.c         0x00000000   Number         0  printf6.o ABSOLUTE
    ../clib/microlib/printf/printf.c         0x00000000   Number         0  printf5.o ABSOLUTE
    ../clib/microlib/printf/printf.c         0x00000000   Number         0  printf4.o ABSOLUTE
    ../clib/microlib/printf/printf.c         0x00000000   Number         0  printf3.o ABSOLUTE
    ../clib/microlib/printf/stubs.s          0x00000000   Number         0  stubs.o ABSOLUTE
    ../clib/microlib/stdio/streams.c         0x00000000   Number         0  stdout.o ABSOLUTE
    ../clib/microlib/string/memcmp.c         0x00000000   Number         0  memcmp.o ABSOLUTE
    ../clib/microlib/string/memcpy.c         0x00000000   Number         0  memcpya.o ABSOLUTE
    ../clib/microlib/string/memcpy.c         0x00000000   Number         0  memcpyb.o ABSOLUTE
    ../clib/microlib/string/memset.c         0x00000000   Number         0  memseta.o ABSOLUTE
    ../clib/microlib/string/strcat.c         0x00000000   Number         0  strcat.o ABSOLUTE
    ../clib/microlib/string/strchr.c         0x00000000   Number         0  strchr.o ABSOLUTE
    ../clib/microlib/string/strcmp.c         0x00000000   Number         0  strcmp.o ABSOLUTE
    ../clib/microlib/string/strcpy.c         0x00000000   Number         0  strcpy.o ABSOLUTE
    ../clib/microlib/string/strlen.c         0x00000000   Number         0  strlen.o ABSOLUTE
    ../clib/microlib/string/strncpy.c        0x00000000   Number         0  strncpy.o ABSOLUTE
    ../clib/microlib/string/strstr.c         0x00000000   Number         0  strstr.o ABSOLUTE
    ../clib/microlib/string/strtok.c         0x00000000   Number         0  strtok.o ABSOLUTE
    ../clib/microlib/string/strtok.c         0x00000000   Number         0  strtok_r.o ABSOLUTE
    ../clib/microlib/stubs.s                 0x00000000   Number         0  iusefp.o ABSOLUTE
    ../fplib/microlib/fpadd.c                0x00000000   Number         0  dadd.o ABSOLUTE
    ../fplib/microlib/fpdiv.c                0x00000000   Number         0  ddiv.o ABSOLUTE
    ../fplib/microlib/fpepilogue.c           0x00000000   Number         0  depilogue.o ABSOLUTE
    ../fplib/microlib/fpfix.c                0x00000000   Number         0  dfixul.o ABSOLUTE
    ../fplib/microlib/fpmul.c                0x00000000   Number         0  dmul.o ABSOLUTE
    ..\..\Libraries\CMSIS\core_cm3.c         0x00000000   Number         0  core_cm3.o ABSOLUTE
    ..\..\Libraries\CMSIS\startup\startup_stm32f10x_hd.s 0x00000000   Number         0  startup_stm32f10x_hd.o ABSOLUTE
    ..\..\Libraries\CMSIS\system_stm32f10x.c 0x00000000   Number         0  system_stm32f10x.o ABSOLUTE
    ..\..\Libraries\FWlib\src\misc.c         0x00000000   Number         0  misc.o ABSOLUTE
    ..\..\Libraries\FWlib\src\stm32f10x_bkp.c 0x00000000   Number         0  stm32f10x_bkp.o ABSOLUTE
    ..\..\Libraries\FWlib\src\stm32f10x_exti.c 0x00000000   Number         0  stm32f10x_exti.o ABSOLUTE
    ..\..\Libraries\FWlib\src\stm32f10x_flash.c 0x00000000   Number         0  stm32f10x_flash.o ABSOLUTE
    ..\..\Libraries\FWlib\src\stm32f10x_gpio.c 0x00000000   Number         0  stm32f10x_gpio.o ABSOLUTE
    ..\..\Libraries\FWlib\src\stm32f10x_rcc.c 0x00000000   Number         0  stm32f10x_rcc.o ABSOLUTE
    ..\..\Libraries\FWlib\src\stm32f10x_spi.c 0x00000000   Number         0  stm32f10x_spi.o ABSOLUTE
    ..\..\Libraries\FWlib\src\stm32f10x_tim.c 0x00000000   Number         0  stm32f10x_tim.o ABSOLUTE
    ..\..\Libraries\FWlib\src\stm32f10x_usart.c 0x00000000   Number         0  stm32f10x_usart.o ABSOLUTE
    ..\..\User\Ethernet\Internet\dhcp.c      0x00000000   Number         0  dhcp.o ABSOLUTE
    ..\..\User\Ethernet\Internet\dns.c       0x00000000   Number         0  dns.o ABSOLUTE
    ..\..\User\Ethernet\Internet\httpserver\http_server.c 0x00000000   Number         0  http_server.o ABSOLUTE
    ..\..\User\Ethernet\Internet\httpserver\httputil.c 0x00000000   Number         0  httputil.o ABSOLUTE
    ..\..\User\Ethernet\Internet\ntp.c       0x00000000   Number         0  ntp.o ABSOLUTE
    ..\..\User\Ethernet\Internet\smtp.c      0x00000000   Number         0  smtp.o ABSOLUTE
    ..\..\User\Ethernet\Internet\tcp_demo.c  0x00000000   Number         0  tcp_demo.o ABSOLUTE
    ..\..\User\Ethernet\W5500\socket.c       0x00000000   Number         0  socket.o ABSOLUTE
    ..\..\User\Ethernet\W5500\utility.c      0x00000000   Number         0  utility.o ABSOLUTE
    ..\..\User\Ethernet\W5500\w5500.c        0x00000000   Number         0  w5500.o ABSOLUTE
    ..\..\User\Ethernet\W5500\w5500_conf.c   0x00000000   Number         0  w5500_conf.o ABSOLUTE
    ..\..\User\TimBase\bsp_TiMbase.c         0x00000000   Number         0  bsp_timbase.o ABSOLUTE
    ..\..\User\main.c                        0x00000000   Number         0  main.o ABSOLUTE
    ..\..\User\spi\bsp_spi_flash.c           0x00000000   Number         0  bsp_spi_flash.o ABSOLUTE
    ..\..\User\stm32f10x_it.c                0x00000000   Number         0  stm32f10x_it.o ABSOLUTE
    ..\..\User\usart\bsp_usart1.c            0x00000000   Number         0  bsp_usart1.o ABSOLUTE
    ..\\..\\Libraries\\CMSIS\\core_cm3.c     0x00000000   Number         0  core_cm3.o ABSOLUTE
    cdrcmple.s                               0x00000000   Number         0  cdrcmple.o ABSOLUTE
    dc.s                                     0x00000000   Number         0  dc.o ABSOLUTE
    handlers.s                               0x00000000   Number         0  handlers.o ABSOLUTE
    init.s                                   0x00000000   Number         0  init.o ABSOLUTE
    RESET                                    0x08000000   Section      304  startup_stm32f10x_hd.o(RESET)
    .ARM.Collect$$$$00000000                 0x08000130   Section        0  entry.o(.ARM.Collect$$$$00000000)
    .ARM.Collect$$$$00000001                 0x08000130   Section        4  entry2.o(.ARM.Collect$$$$00000001)
    .ARM.Collect$$$$00000004                 0x08000134   Section        4  entry5.o(.ARM.Collect$$$$00000004)
    .ARM.Collect$$$$00000008                 0x08000138   Section        0  entry7b.o(.ARM.Collect$$$$00000008)
    .ARM.Collect$$$$0000000A                 0x08000138   Section        0  entry8b.o(.ARM.Collect$$$$0000000A)
    .ARM.Collect$$$$0000000B                 0x08000138   Section        8  entry9a.o(.ARM.Collect$$$$0000000B)
    .ARM.Collect$$$$0000000D                 0x08000140   Section        0  entry10a.o(.ARM.Collect$$$$0000000D)
    .ARM.Collect$$$$0000000F                 0x08000140   Section        0  entry11a.o(.ARM.Collect$$$$0000000F)
    .ARM.Collect$$$$00002712                 0x08000140   Section        4  entry2.o(.ARM.Collect$$$$00002712)
    __lit__00000000                          0x08000140   Data           4  entry2.o(.ARM.Collect$$$$00002712)
    .text                                    0x08000144   Section       36  startup_stm32f10x_hd.o(.text)
    .text                                    0x08000168   Section        0  system_stm32f10x.o(.text)
    SetSysClockTo72                          0x08000169   Thumb Code   214  system_stm32f10x.o(.text)
    SetSysClock                              0x0800023f   Thumb Code     8  system_stm32f10x.o(.text)
    .text                                    0x08000348   Section        0  misc.o(.text)
    .text                                    0x08000424   Section        0  stm32f10x_gpio.o(.text)
    .text                                    0x08000780   Section        0  stm32f10x_rcc.o(.text)
    .text                                    0x08000b24   Section        0  stm32f10x_spi.o(.text)
    .text                                    0x08000e30   Section        0  stm32f10x_tim.o(.text)
    TI4_Config                               0x080012d7   Thumb Code   130  stm32f10x_tim.o(.text)
    TI3_Config                               0x0800136b   Thumb Code   122  stm32f10x_tim.o(.text)
    TI2_Config                               0x080013ff   Thumb Code   130  stm32f10x_tim.o(.text)
    TI1_Config                               0x08001493   Thumb Code   108  stm32f10x_tim.o(.text)
    .text                                    0x08001c4c   Section        0  stm32f10x_usart.o(.text)
    .text                                    0x08002054   Section        0  main.o(.text)
    .text                                    0x08002130   Section        0  stm32f10x_it.o(.text)
    .text                                    0x08002164   Section        0  bsp_usart1.o(.text)
    .text                                    0x08002298   Section        0  bsp_spi_flash.o(.text)
    .text                                    0x08002414   Section        0  bsp_timbase.o(.text)
    .text                                    0x08002490   Section        0  w5500_conf.o(.text)
    .text                                    0x08002910   Section        0  w5500.o(.text)
    .text                                    0x08002ce4   Section        0  socket.o(.text)
    .text                                    0x08003370   Section        0  utility.o(.text)
    .text                                    0x080037c4   Section        0  tcp_demo.o(.text)
    .text                                    0x08003978   Section        0  uldiv.o(.text)
    .text                                    0x080039da   Section        0  memseta.o(.text)
    .text                                    0x080039fe   Section        0  strstr.o(.text)
    .text                                    0x08003a22   Section        0  strncpy.o(.text)
    .text                                    0x08003a3a   Section        0  strlen.o(.text)
    .text                                    0x08003a48   Section        0  strcpy.o(.text)
    .text                                    0x08003a5c   Section        0  strtok.o(.text)
    .text                                    0x08003aa0   Section        0  uidiv.o(.text)
    .text                                    0x08003acc   Section        0  llshl.o(.text)
    .text                                    0x08003aea   Section        0  llushr.o(.text)
    .text                                    0x08003b0a   Section        0  dadd.o(.text)
    .text                                    0x08003b0a   Section        0  iusefp.o(.text)
    .text                                    0x08003c58   Section        0  dmul.o(.text)
    .text                                    0x08003d3c   Section        0  ddiv.o(.text)
    .text                                    0x08003e1a   Section        0  dfixul.o(.text)
    .text                                    0x08003e4c   Section       48  cdrcmple.o(.text)
    .text                                    0x08003e7c   Section       36  init.o(.text)
    .text                                    0x08003ea0   Section        0  llsshr.o(.text)
    .text                                    0x08003ec4   Section        0  depilogue.o(.text)
    i.__0printf                              0x08003f80   Section        0  printfa.o(i.__0printf)
    i.__0printf$8                            0x08003fa0   Section        0  printf8.o(i.__0printf$8)
    i.__0sprintf$8                           0x08003fc0   Section        0  printf8.o(i.__0sprintf$8)
    i.__scatterload_copy                     0x08003fe8   Section       14  handlers.o(i.__scatterload_copy)
    i.__scatterload_null                     0x08003ff6   Section        2  handlers.o(i.__scatterload_null)
    i.__scatterload_zeroinit                 0x08003ff8   Section       14  handlers.o(i.__scatterload_zeroinit)
    i._fp_digits                             0x08004008   Section        0  printfa.o(i._fp_digits)
    _fp_digits                               0x08004009   Thumb Code   334  printfa.o(i._fp_digits)
    i._printf_core                           0x0800416c   Section        0  printf8.o(i._printf_core)
    _printf_core                             0x0800416d   Thumb Code   996  printf8.o(i._printf_core)
    i._printf_core                           0x0800457c   Section        0  printfa.o(i._printf_core)
    _printf_core                             0x0800457d   Thumb Code  1744  printfa.o(i._printf_core)
    i._printf_post_padding                   0x08004c58   Section        0  printf8.o(i._printf_post_padding)
    _printf_post_padding                     0x08004c59   Thumb Code    36  printf8.o(i._printf_post_padding)
    i._printf_post_padding                   0x08004c7c   Section        0  printfa.o(i._printf_post_padding)
    _printf_post_padding                     0x08004c7d   Thumb Code    36  printfa.o(i._printf_post_padding)
    i._printf_pre_padding                    0x08004ca0   Section        0  printf8.o(i._printf_pre_padding)
    _printf_pre_padding                      0x08004ca1   Thumb Code    46  printf8.o(i._printf_pre_padding)
    i._printf_pre_padding                    0x08004cce   Section        0  printfa.o(i._printf_pre_padding)
    _printf_pre_padding                      0x08004ccf   Thumb Code    46  printfa.o(i._printf_pre_padding)
    i._sputc                                 0x08004cfc   Section        0  printf8.o(i._sputc)
    _sputc                                   0x08004cfd   Thumb Code    10  printf8.o(i._sputc)
    .conststring                             0x08004d08   Section       73  main.o(.conststring)
    .data                                    0x20000000   Section       20  system_stm32f10x.o(.data)
    .data                                    0x20000014   Section       20  stm32f10x_rcc.o(.data)
    APBAHBPrescTable                         0x20000014   Data          16  stm32f10x_rcc.o(.data)
    ADCPrescTable                            0x20000024   Data           4  stm32f10x_rcc.o(.data)
    .data                                    0x20000028   Section       41  w5500_conf.o(.data)
    .data                                    0x20000051   Section       16  w5500.o(.data)
    .data                                    0x20000062   Section        4  utility.o(.data)
    fac_us                                   0x20000062   Data           1  utility.o(.data)
    fac_ms                                   0x20000064   Data           2  utility.o(.data)
    .data                                    0x20000068   Section        4  strtok.o(.data)
    state                                    0x20000068   Data           4  strtok.o(.data)
    .data                                    0x2000006c   Section        4  stdout.o(.data)
    .bss                                     0x20000070   Section       46  w5500_conf.o(.bss)
    .bss                                     0x2000009e   Section       32  w5500.o(.bss)
    .bss                                     0x200000be   Section       48  utility.o(.bss)
    addr_str                                 0x200000be   Data          32  utility.o(.bss)
    addr_str                                 0x200000de   Data          16  utility.o(.bss)
    .bss                                     0x200000ee   Section     2048  tcp_demo.o(.bss)
    .bss                                     0x200008ee   Section     1046  dhcp.o(.bss)
    STACK                                    0x20000d08   Section     1024  startup_stm32f10x_hd.o(STACK)

    Global Symbols

    Symbol Name                              Value     Ov Type        Size  Object(Section)

    BuildAttributes$$THM_ISAv4$P$D$K$B$S$PE$A:L22UL41UL21$X:L11$S22US41US21$IEEE1$IW$USESV6$~STKCKD$USESV7$~SHL$OSPACE$ROPI$EBA8$MICROLIB$REQ8$PRES8$EABIv2 0x00000000   Number         0  anon$$obj.o ABSOLUTE
    __ARM_use_no_argv                        0x00000000   Number         0  main.o ABSOLUTE
    _printf_a                                0x00000000   Number         0  stubs.o ABSOLUTE
    _printf_c                                0x00000000   Number         0  stubs.o ABSOLUTE
    _printf_charcount                        0x00000000   Number         0  stubs.o ABSOLUTE
    _printf_d                                0x00000000   Number         0  stubs.o ABSOLUTE
    _printf_e                                0x00000000   Number         0  stubs.o ABSOLUTE
    _printf_f                                0x00000000   Number         0  stubs.o ABSOLUTE
    _printf_flags                            0x00000000   Number         0  stubs.o ABSOLUTE
    _printf_fp_dec                           0x00000000   Number         0  stubs.o ABSOLUTE
    _printf_fp_hex                           0x00000000   Number         0  stubs.o ABSOLUTE
    _printf_g                                0x00000000   Number         0  stubs.o ABSOLUTE
    _printf_i                                0x00000000   Number         0  stubs.o ABSOLUTE
    _printf_int_dec                          0x00000000   Number         0  stubs.o ABSOLUTE
    _printf_l                                0x00000000   Number         0  stubs.o ABSOLUTE
    _printf_lc                               0x00000000   Number         0  stubs.o ABSOLUTE
    _printf_ll                               0x00000000   Number         0  stubs.o ABSOLUTE
    _printf_lld                              0x00000000   Number         0  stubs.o ABSOLUTE
    _printf_lli                              0x00000000   Number         0  stubs.o ABSOLUTE
    _printf_llo                              0x00000000   Number         0  stubs.o ABSOLUTE
    _printf_llu                              0x00000000   Number         0  stubs.o ABSOLUTE
    _printf_llx                              0x00000000   Number         0  stubs.o ABSOLUTE
    _printf_longlong_dec                     0x00000000   Number         0  stubs.o ABSOLUTE
    _printf_longlong_hex                     0x00000000   Number         0  stubs.o ABSOLUTE
    _printf_longlong_oct                     0x00000000   Number         0  stubs.o ABSOLUTE
    _printf_ls                               0x00000000   Number         0  stubs.o ABSOLUTE
    _printf_mbtowc                           0x00000000   Number         0  stubs.o ABSOLUTE
    _printf_n                                0x00000000   Number         0  stubs.o ABSOLUTE
    _printf_o                                0x00000000   Number         0  stubs.o ABSOLUTE
    _printf_p                                0x00000000   Number         0  stubs.o ABSOLUTE
    _printf_percent                          0x00000000   Number         0  stubs.o ABSOLUTE
    _printf_pre_padding                      0x00000000   Number         0  stubs.o ABSOLUTE
    _printf_return_value                     0x00000000   Number         0  stubs.o ABSOLUTE
    _printf_s                                0x00000000   Number         0  stubs.o ABSOLUTE
    _printf_sizespec                         0x00000000   Number         0  stubs.o ABSOLUTE
    _printf_str                              0x00000000   Number         0  stubs.o ABSOLUTE
    _printf_truncate_signed                  0x00000000   Number         0  stubs.o ABSOLUTE
    _printf_truncate_unsigned                0x00000000   Number         0  stubs.o ABSOLUTE
    _printf_u                                0x00000000   Number         0  stubs.o ABSOLUTE
    _printf_wc                               0x00000000   Number         0  stubs.o ABSOLUTE
    _printf_wctomb                           0x00000000   Number         0  stubs.o ABSOLUTE
    _printf_widthprec                        0x00000000   Number         0  stubs.o ABSOLUTE
    _printf_x                                0x00000000   Number         0  stubs.o ABSOLUTE
    __cpp_initialize__aeabi_                  - Undefined Weak Reference
    __cxa_finalize                            - Undefined Weak Reference
    __decompress                              - Undefined Weak Reference
    _clock_init                               - Undefined Weak Reference
    _microlib_exit                            - Undefined Weak Reference
    __Vectors_Size                           0x00000130   Number         0  startup_stm32f10x_hd.o ABSOLUTE
    __Vectors                                0x08000000   Data           4  startup_stm32f10x_hd.o(RESET)
    __Vectors_End                            0x08000130   Data           0  startup_stm32f10x_hd.o(RESET)
    __main                                   0x08000131   Thumb Code     0  entry.o(.ARM.Collect$$$$00000000)
    _main_stk                                0x08000131   Thumb Code     0  entry2.o(.ARM.Collect$$$$00000001)
    _main_scatterload                        0x08000135   Thumb Code     0  entry5.o(.ARM.Collect$$$$00000004)
    __main_after_scatterload                 0x08000139   Thumb Code     0  entry5.o(.ARM.Collect$$$$00000004)
    _main_clock                              0x08000139   Thumb Code     0  entry7b.o(.ARM.Collect$$$$00000008)
    _main_cpp_init                           0x08000139   Thumb Code     0  entry8b.o(.ARM.Collect$$$$0000000A)
    _main_init                               0x08000139   Thumb Code     0  entry9a.o(.ARM.Collect$$$$0000000B)
    __rt_final_cpp                           0x08000141   Thumb Code     0  entry10a.o(.ARM.Collect$$$$0000000D)
    __rt_final_exit                          0x08000141   Thumb Code     0  entry11a.o(.ARM.Collect$$$$0000000F)
    Reset_Handler                            0x08000145   Thumb Code     8  startup_stm32f10x_hd.o(.text)
    ADC1_2_IRQHandler                        0x0800015f   Thumb Code     0  startup_stm32f10x_hd.o(.text)
    ADC3_IRQHandler                          0x0800015f   Thumb Code     0  startup_stm32f10x_hd.o(.text)
    CAN1_RX1_IRQHandler                      0x0800015f   Thumb Code     0  startup_stm32f10x_hd.o(.text)
    CAN1_SCE_IRQHandler                      0x0800015f   Thumb Code     0  startup_stm32f10x_hd.o(.text)
    DMA1_Channel1_IRQHandler                 0x0800015f   Thumb Code     0  startup_stm32f10x_hd.o(.text)
    DMA1_Channel2_IRQHandler                 0x0800015f   Thumb Code     0  startup_stm32f10x_hd.o(.text)
    DMA1_Channel3_IRQHandler                 0x0800015f   Thumb Code     0  startup_stm32f10x_hd.o(.text)
    DMA1_Channel4_IRQHandler                 0x0800015f   Thumb Code     0  startup_stm32f10x_hd.o(.text)
    DMA1_Channel5_IRQHandler                 0x0800015f   Thumb Code     0  startup_stm32f10x_hd.o(.text)
    DMA1_Channel6_IRQHandler                 0x0800015f   Thumb Code     0  startup_stm32f10x_hd.o(.text)
    DMA1_Channel7_IRQHandler                 0x0800015f   Thumb Code     0  startup_stm32f10x_hd.o(.text)
    DMA2_Channel1_IRQHandler                 0x0800015f   Thumb Code     0  startup_stm32f10x_hd.o(.text)
    DMA2_Channel2_IRQHandler                 0x0800015f   Thumb Code     0  startup_stm32f10x_hd.o(.text)
    DMA2_Channel3_IRQHandler                 0x0800015f   Thumb Code     0  startup_stm32f10x_hd.o(.text)
    DMA2_Channel4_5_IRQHandler               0x0800015f   Thumb Code     0  startup_stm32f10x_hd.o(.text)
    EXTI0_IRQHandler                         0x0800015f   Thumb Code     0  startup_stm32f10x_hd.o(.text)
    EXTI15_10_IRQHandler                     0x0800015f   Thumb Code     0  startup_stm32f10x_hd.o(.text)
    EXTI1_IRQHandler                         0x0800015f   Thumb Code     0  startup_stm32f10x_hd.o(.text)
    EXTI2_IRQHandler                         0x0800015f   Thumb Code     0  startup_stm32f10x_hd.o(.text)
    EXTI3_IRQHandler                         0x0800015f   Thumb Code     0  startup_stm32f10x_hd.o(.text)
    EXTI4_IRQHandler                         0x0800015f   Thumb Code     0  startup_stm32f10x_hd.o(.text)
    EXTI9_5_IRQHandler                       0x0800015f   Thumb Code     0  startup_stm32f10x_hd.o(.text)
    FLASH_IRQHandler                         0x0800015f   Thumb Code     0  startup_stm32f10x_hd.o(.text)
    FSMC_IRQHandler                          0x0800015f   Thumb Code     0  startup_stm32f10x_hd.o(.text)
    I2C1_ER_IRQHandler                       0x0800015f   Thumb Code     0  startup_stm32f10x_hd.o(.text)
    I2C1_EV_IRQHandler                       0x0800015f   Thumb Code     0  startup_stm32f10x_hd.o(.text)
    I2C2_ER_IRQHandler                       0x0800015f   Thumb Code     0  startup_stm32f10x_hd.o(.text)
    I2C2_EV_IRQHandler                       0x0800015f   Thumb Code     0  startup_stm32f10x_hd.o(.text)
    PVD_IRQHandler                           0x0800015f   Thumb Code     0  startup_stm32f10x_hd.o(.text)
    RCC_IRQHandler                           0x0800015f   Thumb Code     0  startup_stm32f10x_hd.o(.text)
    RTCAlarm_IRQHandler                      0x0800015f   Thumb Code     0  startup_stm32f10x_hd.o(.text)
    RTC_IRQHandler                           0x0800015f   Thumb Code     0  startup_stm32f10x_hd.o(.text)
    SDIO_IRQHandler                          0x0800015f   Thumb Code     0  startup_stm32f10x_hd.o(.text)
    SPI1_IRQHandler                          0x0800015f   Thumb Code     0  startup_stm32f10x_hd.o(.text)
    SPI2_IRQHandler                          0x0800015f   Thumb Code     0  startup_stm32f10x_hd.o(.text)
    SPI3_IRQHandler                          0x0800015f   Thumb Code     0  startup_stm32f10x_hd.o(.text)
    TAMPER_IRQHandler                        0x0800015f   Thumb Code     0  startup_stm32f10x_hd.o(.text)
    TIM1_BRK_IRQHandler                      0x0800015f   Thumb Code     0  startup_stm32f10x_hd.o(.text)
    TIM1_CC_IRQHandler                       0x0800015f   Thumb Code     0  startup_stm32f10x_hd.o(.text)
    TIM1_TRG_COM_IRQHandler                  0x0800015f   Thumb Code     0  startup_stm32f10x_hd.o(.text)
    TIM1_UP_IRQHandler                       0x0800015f   Thumb Code     0  startup_stm32f10x_hd.o(.text)
    TIM3_IRQHandler                          0x0800015f   Thumb Code     0  startup_stm32f10x_hd.o(.text)
    TIM4_IRQHandler                          0x0800015f   Thumb Code     0  startup_stm32f10x_hd.o(.text)
    TIM5_IRQHandler                          0x0800015f   Thumb Code     0  startup_stm32f10x_hd.o(.text)
    TIM6_IRQHandler                          0x0800015f   Thumb Code     0  startup_stm32f10x_hd.o(.text)
    TIM7_IRQHandler                          0x0800015f   Thumb Code     0  startup_stm32f10x_hd.o(.text)
    TIM8_BRK_IRQHandler                      0x0800015f   Thumb Code     0  startup_stm32f10x_hd.o(.text)
    TIM8_CC_IRQHandler                       0x0800015f   Thumb Code     0  startup_stm32f10x_hd.o(.text)
    TIM8_TRG_COM_IRQHandler                  0x0800015f   Thumb Code     0  startup_stm32f10x_hd.o(.text)
    TIM8_UP_IRQHandler                       0x0800015f   Thumb Code     0  startup_stm32f10x_hd.o(.text)
    UART4_IRQHandler                         0x0800015f   Thumb Code     0  startup_stm32f10x_hd.o(.text)
    UART5_IRQHandler                         0x0800015f   Thumb Code     0  startup_stm32f10x_hd.o(.text)
    USART1_IRQHandler                        0x0800015f   Thumb Code     0  startup_stm32f10x_hd.o(.text)
    USART2_IRQHandler                        0x0800015f   Thumb Code     0  startup_stm32f10x_hd.o(.text)
    USART3_IRQHandler                        0x0800015f   Thumb Code     0  startup_stm32f10x_hd.o(.text)
    USBWakeUp_IRQHandler                     0x0800015f   Thumb Code     0  startup_stm32f10x_hd.o(.text)
    USB_HP_CAN1_TX_IRQHandler                0x0800015f   Thumb Code     0  startup_stm32f10x_hd.o(.text)
    USB_LP_CAN1_RX0_IRQHandler               0x0800015f   Thumb Code     0  startup_stm32f10x_hd.o(.text)
    WWDG_IRQHandler                          0x0800015f   Thumb Code     0  startup_stm32f10x_hd.o(.text)
    SystemInit                               0x08000247   Thumb Code    78  system_stm32f10x.o(.text)
    SystemCoreClockUpdate                    0x08000295   Thumb Code   142  system_stm32f10x.o(.text)
    NVIC_PriorityGroupConfig                 0x08000349   Thumb Code    10  misc.o(.text)
    NVIC_Init                                0x08000353   Thumb Code   100  misc.o(.text)
    NVIC_SetVectorTable                      0x080003b7   Thumb Code    14  misc.o(.text)
    NVIC_SystemLPConfig                      0x080003c5   Thumb Code    34  misc.o(.text)
    SysTick_CLKSourceConfig                  0x080003e7   Thumb Code    40  misc.o(.text)
    GPIO_DeInit                              0x08000425   Thumb Code   172  stm32f10x_gpio.o(.text)
    GPIO_AFIODeInit                          0x080004d1   Thumb Code    20  stm32f10x_gpio.o(.text)
    GPIO_Init                                0x080004e5   Thumb Code   278  stm32f10x_gpio.o(.text)
    GPIO_StructInit                          0x080005fb   Thumb Code    16  stm32f10x_gpio.o(.text)
    GPIO_ReadInputDataBit                    0x0800060b   Thumb Code    18  stm32f10x_gpio.o(.text)
    GPIO_ReadInputData                       0x0800061d   Thumb Code     8  stm32f10x_gpio.o(.text)
    GPIO_ReadOutputDataBit                   0x08000625   Thumb Code    18  stm32f10x_gpio.o(.text)
    GPIO_ReadOutputData                      0x08000637   Thumb Code     8  stm32f10x_gpio.o(.text)
    GPIO_SetBits                             0x0800063f   Thumb Code     4  stm32f10x_gpio.o(.text)
    GPIO_ResetBits                           0x08000643   Thumb Code     4  stm32f10x_gpio.o(.text)
    GPIO_WriteBit                            0x08000647   Thumb Code    10  stm32f10x_gpio.o(.text)
    GPIO_Write                               0x08000651   Thumb Code     4  stm32f10x_gpio.o(.text)
    GPIO_PinLockConfig                       0x08000655   Thumb Code    18  stm32f10x_gpio.o(.text)
    GPIO_EventOutputConfig                   0x08000667   Thumb Code    26  stm32f10x_gpio.o(.text)
    GPIO_EventOutputCmd                      0x08000681   Thumb Code     6  stm32f10x_gpio.o(.text)
    GPIO_PinRemapConfig                      0x08000687   Thumb Code   138  stm32f10x_gpio.o(.text)
    GPIO_EXTILineConfig                      0x08000711   Thumb Code    66  stm32f10x_gpio.o(.text)
    GPIO_ETH_MediaInterfaceConfig            0x08000753   Thumb Code     8  stm32f10x_gpio.o(.text)
    RCC_DeInit                               0x08000781   Thumb Code    64  stm32f10x_rcc.o(.text)
    RCC_HSEConfig                            0x080007c1   Thumb Code    70  stm32f10x_rcc.o(.text)
    RCC_GetFlagStatus                        0x08000807   Thumb Code    56  stm32f10x_rcc.o(.text)
    RCC_WaitForHSEStartUp                    0x0800083f   Thumb Code    56  stm32f10x_rcc.o(.text)
    RCC_AdjustHSICalibrationValue            0x08000877   Thumb Code    20  stm32f10x_rcc.o(.text)
    RCC_HSICmd                               0x0800088b   Thumb Code     6  stm32f10x_rcc.o(.text)
    RCC_PLLConfig                            0x08000891   Thumb Code    24  stm32f10x_rcc.o(.text)
    RCC_PLLCmd                               0x080008a9   Thumb Code     6  stm32f10x_rcc.o(.text)
    RCC_SYSCLKConfig                         0x080008af   Thumb Code    18  stm32f10x_rcc.o(.text)
    RCC_GetSYSCLKSource                      0x080008c1   Thumb Code    10  stm32f10x_rcc.o(.text)
    RCC_HCLKConfig                           0x080008cb   Thumb Code    18  stm32f10x_rcc.o(.text)
    RCC_PCLK1Config                          0x080008dd   Thumb Code    18  stm32f10x_rcc.o(.text)
    RCC_PCLK2Config                          0x080008ef   Thumb Code    20  stm32f10x_rcc.o(.text)
    RCC_ITConfig                             0x08000903   Thumb Code    26  stm32f10x_rcc.o(.text)
    RCC_USBCLKConfig                         0x0800091d   Thumb Code     8  stm32f10x_rcc.o(.text)
    RCC_ADCCLKConfig                         0x08000925   Thumb Code    18  stm32f10x_rcc.o(.text)
    RCC_LSEConfig                            0x08000937   Thumb Code    50  stm32f10x_rcc.o(.text)
    RCC_LSICmd                               0x08000969   Thumb Code     6  stm32f10x_rcc.o(.text)
    RCC_RTCCLKConfig                         0x0800096f   Thumb Code    12  stm32f10x_rcc.o(.text)
    RCC_RTCCLKCmd                            0x0800097b   Thumb Code     8  stm32f10x_rcc.o(.text)
    RCC_GetClocksFreq                        0x08000983   Thumb Code   192  stm32f10x_rcc.o(.text)
    RCC_AHBPeriphClockCmd                    0x08000a43   Thumb Code    26  stm32f10x_rcc.o(.text)
    RCC_APB2PeriphClockCmd                   0x08000a5d   Thumb Code    26  stm32f10x_rcc.o(.text)
    RCC_APB1PeriphClockCmd                   0x08000a77   Thumb Code    26  stm32f10x_rcc.o(.text)
    RCC_APB2PeriphResetCmd                   0x08000a91   Thumb Code    26  stm32f10x_rcc.o(.text)
    RCC_APB1PeriphResetCmd                   0x08000aab   Thumb Code    26  stm32f10x_rcc.o(.text)
    RCC_BackupResetCmd                       0x08000ac5   Thumb Code     8  stm32f10x_rcc.o(.text)
    RCC_ClockSecuritySystemCmd               0x08000acd   Thumb Code     6  stm32f10x_rcc.o(.text)
    RCC_MCOConfig                            0x08000ad3   Thumb Code     6  stm32f10x_rcc.o(.text)
    RCC_ClearFlag                            0x08000ad9   Thumb Code    14  stm32f10x_rcc.o(.text)
    RCC_GetITStatus                          0x08000ae7   Thumb Code    20  stm32f10x_rcc.o(.text)
    RCC_ClearITPendingBit                    0x08000afb   Thumb Code     6  stm32f10x_rcc.o(.text)
    SPI_I2S_DeInit                           0x08000b25   Thumb Code    76  stm32f10x_spi.o(.text)
    SPI_Init                                 0x08000b71   Thumb Code    60  stm32f10x_spi.o(.text)
    I2S_Init                                 0x08000bad   Thumb Code   226  stm32f10x_spi.o(.text)
    SPI_StructInit                           0x08000c8f   Thumb Code    24  stm32f10x_spi.o(.text)
    I2S_StructInit                           0x08000ca7   Thumb Code    20  stm32f10x_spi.o(.text)
    SPI_Cmd                                  0x08000cbb   Thumb Code    24  stm32f10x_spi.o(.text)
    I2S_Cmd                                  0x08000cd3   Thumb Code    24  stm32f10x_spi.o(.text)
    SPI_I2S_ITConfig                         0x08000ceb   Thumb Code    32  stm32f10x_spi.o(.text)
    SPI_I2S_DMACmd                           0x08000d0b   Thumb Code    18  stm32f10x_spi.o(.text)
    SPI_I2S_SendData                         0x08000d1d   Thumb Code     4  stm32f10x_spi.o(.text)
    SPI_I2S_ReceiveData                      0x08000d21   Thumb Code     6  stm32f10x_spi.o(.text)
    SPI_NSSInternalSoftwareConfig            0x08000d27   Thumb Code    30  stm32f10x_spi.o(.text)
    SPI_SSOutputCmd                          0x08000d45   Thumb Code    24  stm32f10x_spi.o(.text)
    SPI_DataSizeConfig                       0x08000d5d   Thumb Code    18  stm32f10x_spi.o(.text)
    SPI_TransmitCRC                          0x08000d6f   Thumb Code    10  stm32f10x_spi.o(.text)
    SPI_CalculateCRC                         0x08000d79   Thumb Code    24  stm32f10x_spi.o(.text)
    SPI_GetCRC                               0x08000d91   Thumb Code    16  stm32f10x_spi.o(.text)
    SPI_GetCRCPolynomial                     0x08000da1   Thumb Code     6  stm32f10x_spi.o(.text)
    SPI_BiDirectionalLineConfig              0x08000da7   Thumb Code    28  stm32f10x_spi.o(.text)
    SPI_I2S_GetFlagStatus                    0x08000dc3   Thumb Code    18  stm32f10x_spi.o(.text)
    SPI_I2S_ClearFlag                        0x08000dd5   Thumb Code     6  stm32f10x_spi.o(.text)
    SPI_I2S_GetITStatus                      0x08000ddb   Thumb Code    52  stm32f10x_spi.o(.text)
    SPI_I2S_ClearITPendingBit                0x08000e0f   Thumb Code    20  stm32f10x_spi.o(.text)
    TIM_DeInit                               0x08000e31   Thumb Code   424  stm32f10x_tim.o(.text)
    TIM_TimeBaseInit                         0x08000fd9   Thumb Code   122  stm32f10x_tim.o(.text)
    TIM_OC1Init                              0x08001053   Thumb Code   132  stm32f10x_tim.o(.text)
    TIM_OC2Init                              0x080010d7   Thumb Code   154  stm32f10x_tim.o(.text)
    TIM_OC3Init                              0x08001171   Thumb Code   150  stm32f10x_tim.o(.text)
    TIM_OC4Init                              0x08001207   Thumb Code   182  stm32f10x_tim.o(.text)
    TIM_SetIC4Prescaler                      0x080012bd   Thumb Code    26  stm32f10x_tim.o(.text)
    TIM_SetIC3Prescaler                      0x08001359   Thumb Code    18  stm32f10x_tim.o(.text)
    TIM_SetIC2Prescaler                      0x080013e5   Thumb Code    26  stm32f10x_tim.o(.text)
    TIM_SetIC1Prescaler                      0x08001481   Thumb Code    18  stm32f10x_tim.o(.text)
    TIM_ICInit                               0x080014ff   Thumb Code   150  stm32f10x_tim.o(.text)
    TIM_PWMIConfig                           0x08001595   Thumb Code   124  stm32f10x_tim.o(.text)
    TIM_BDTRConfig                           0x08001611   Thumb Code    32  stm32f10x_tim.o(.text)
    TIM_TimeBaseStructInit                   0x08001631   Thumb Code    18  stm32f10x_tim.o(.text)
    TIM_OCStructInit                         0x08001643   Thumb Code    20  stm32f10x_tim.o(.text)
    TIM_ICStructInit                         0x08001657   Thumb Code    18  stm32f10x_tim.o(.text)
    TIM_BDTRStructInit                       0x08001669   Thumb Code    40  stm32f10x_tim.o(.text)
    TIM_Cmd                                  0x08001691   Thumb Code    24  stm32f10x_tim.o(.text)
    TIM_CtrlPWMOutputs                       0x080016a9   Thumb Code    30  stm32f10x_tim.o(.text)
    TIM_ITConfig                             0x080016c7   Thumb Code    18  stm32f10x_tim.o(.text)
    TIM_GenerateEvent                        0x080016d9   Thumb Code     4  stm32f10x_tim.o(.text)
    TIM_DMAConfig                            0x080016dd   Thumb Code    10  stm32f10x_tim.o(.text)
    TIM_DMACmd                               0x080016e7   Thumb Code    18  stm32f10x_tim.o(.text)
    TIM_InternalClockConfig                  0x080016f9   Thumb Code    12  stm32f10x_tim.o(.text)
    TIM_SelectInputTrigger                   0x08001705   Thumb Code    18  stm32f10x_tim.o(.text)
    TIM_ITRxExternalClockConfig              0x08001717   Thumb Code    24  stm32f10x_tim.o(.text)
    TIM_TIxExternalClockConfig               0x0800172f   Thumb Code    62  stm32f10x_tim.o(.text)
    TIM_ETRConfig                            0x0800176d   Thumb Code    28  stm32f10x_tim.o(.text)
    TIM_ETRClockMode1Config                  0x08001789   Thumb Code    54  stm32f10x_tim.o(.text)
    TIM_ETRClockMode2Config                  0x080017bf   Thumb Code    32  stm32f10x_tim.o(.text)
    TIM_PrescalerConfig                      0x080017df   Thumb Code     6  stm32f10x_tim.o(.text)
    TIM_CounterModeConfig                    0x080017e5   Thumb Code    18  stm32f10x_tim.o(.text)
    TIM_EncoderInterfaceConfig               0x080017f7   Thumb Code    66  stm32f10x_tim.o(.text)
    TIM_ForcedOC1Config                      0x08001839   Thumb Code    18  stm32f10x_tim.o(.text)
    TIM_ForcedOC2Config                      0x0800184b   Thumb Code    26  stm32f10x_tim.o(.text)
    TIM_ForcedOC3Config                      0x08001865   Thumb Code    18  stm32f10x_tim.o(.text)
    TIM_ForcedOC4Config                      0x08001877   Thumb Code    26  stm32f10x_tim.o(.text)
    TIM_ARRPreloadConfig                     0x08001891   Thumb Code    24  stm32f10x_tim.o(.text)
    TIM_SelectCOM                            0x080018a9   Thumb Code    24  stm32f10x_tim.o(.text)
    TIM_SelectCCDMA                          0x080018c1   Thumb Code    24  stm32f10x_tim.o(.text)
    TIM_CCPreloadControl                     0x080018d9   Thumb Code    24  stm32f10x_tim.o(.text)
    TIM_OC1PreloadConfig                     0x080018f1   Thumb Code    18  stm32f10x_tim.o(.text)
    TIM_OC2PreloadConfig                     0x08001903   Thumb Code    26  stm32f10x_tim.o(.text)
    TIM_OC3PreloadConfig                     0x0800191d   Thumb Code    18  stm32f10x_tim.o(.text)
    TIM_OC4PreloadConfig                     0x0800192f   Thumb Code    26  stm32f10x_tim.o(.text)
    TIM_OC1FastConfig                        0x08001949   Thumb Code    18  stm32f10x_tim.o(.text)
    TIM_OC2FastConfig                        0x0800195b   Thumb Code    26  stm32f10x_tim.o(.text)
    TIM_OC3FastConfig                        0x08001975   Thumb Code    18  stm32f10x_tim.o(.text)
    TIM_OC4FastConfig                        0x08001987   Thumb Code    26  stm32f10x_tim.o(.text)
    TIM_ClearOC1Ref                          0x080019a1   Thumb Code    18  stm32f10x_tim.o(.text)
    TIM_ClearOC2Ref                          0x080019b3   Thumb Code    24  stm32f10x_tim.o(.text)
    TIM_ClearOC3Ref                          0x080019cb   Thumb Code    18  stm32f10x_tim.o(.text)
    TIM_ClearOC4Ref                          0x080019dd   Thumb Code    24  stm32f10x_tim.o(.text)
    TIM_OC1PolarityConfig                    0x080019f5   Thumb Code    18  stm32f10x_tim.o(.text)
    TIM_OC1NPolarityConfig                   0x08001a07   Thumb Code    18  stm32f10x_tim.o(.text)
    TIM_OC2PolarityConfig                    0x08001a19   Thumb Code    26  stm32f10x_tim.o(.text)
    TIM_OC2NPolarityConfig                   0x08001a33   Thumb Code    26  stm32f10x_tim.o(.text)
    TIM_OC3PolarityConfig                    0x08001a4d   Thumb Code    26  stm32f10x_tim.o(.text)
    TIM_OC3NPolarityConfig                   0x08001a67   Thumb Code    26  stm32f10x_tim.o(.text)
    TIM_OC4PolarityConfig                    0x08001a81   Thumb Code    26  stm32f10x_tim.o(.text)
    TIM_CCxCmd                               0x08001a9b   Thumb Code    30  stm32f10x_tim.o(.text)
    TIM_CCxNCmd                              0x08001ab9   Thumb Code    30  stm32f10x_tim.o(.text)
    TIM_SelectOCxM                           0x08001ad7   Thumb Code    82  stm32f10x_tim.o(.text)
    TIM_UpdateDisableConfig                  0x08001b29   Thumb Code    24  stm32f10x_tim.o(.text)
    TIM_UpdateRequestConfig                  0x08001b41   Thumb Code    24  stm32f10x_tim.o(.text)
    TIM_SelectHallSensor                     0x08001b59   Thumb Code    24  stm32f10x_tim.o(.text)
    TIM_SelectOnePulseMode                   0x08001b71   Thumb Code    18  stm32f10x_tim.o(.text)
    TIM_SelectOutputTrigger                  0x08001b83   Thumb Code    18  stm32f10x_tim.o(.text)
    TIM_SelectSlaveMode                      0x08001b95   Thumb Code    18  stm32f10x_tim.o(.text)
    TIM_SelectMasterSlaveMode                0x08001ba7   Thumb Code    18  stm32f10x_tim.o(.text)
    TIM_SetCounter                           0x08001bb9   Thumb Code     4  stm32f10x_tim.o(.text)
    TIM_SetAutoreload                        0x08001bbd   Thumb Code     4  stm32f10x_tim.o(.text)
    TIM_SetCompare1                          0x08001bc1   Thumb Code     4  stm32f10x_tim.o(.text)
    TIM_SetCompare2                          0x08001bc5   Thumb Code     4  stm32f10x_tim.o(.text)
    TIM_SetCompare3                          0x08001bc9   Thumb Code     4  stm32f10x_tim.o(.text)
    TIM_SetCompare4                          0x08001bcd   Thumb Code     6  stm32f10x_tim.o(.text)
    TIM_SetClockDivision                     0x08001bd3   Thumb Code    18  stm32f10x_tim.o(.text)
    TIM_GetCapture1                          0x08001be5   Thumb Code     6  stm32f10x_tim.o(.text)
    TIM_GetCapture2                          0x08001beb   Thumb Code     6  stm32f10x_tim.o(.text)
    TIM_GetCapture3                          0x08001bf1   Thumb Code     6  stm32f10x_tim.o(.text)
    TIM_GetCapture4                          0x08001bf7   Thumb Code     8  stm32f10x_tim.o(.text)
    TIM_GetCounter                           0x08001bff   Thumb Code     6  stm32f10x_tim.o(.text)
    TIM_GetPrescaler                         0x08001c05   Thumb Code     6  stm32f10x_tim.o(.text)
    TIM_GetFlagStatus                        0x08001c0b   Thumb Code    18  stm32f10x_tim.o(.text)
    TIM_ClearFlag                            0x08001c1d   Thumb Code     6  stm32f10x_tim.o(.text)
    TIM_GetITStatus                          0x08001c23   Thumb Code    34  stm32f10x_tim.o(.text)
    TIM_ClearITPendingBit                    0x08001c45   Thumb Code     6  stm32f10x_tim.o(.text)
    USART_DeInit                             0x08001c4d   Thumb Code   134  stm32f10x_usart.o(.text)
    USART_Init                               0x08001cd3   Thumb Code   210  stm32f10x_usart.o(.text)
    USART_StructInit                         0x08001da5   Thumb Code    24  stm32f10x_usart.o(.text)
    USART_ClockInit                          0x08001dbd   Thumb Code    34  stm32f10x_usart.o(.text)
    USART_ClockStructInit                    0x08001ddf   Thumb Code    12  stm32f10x_usart.o(.text)
    USART_Cmd                                0x08001deb   Thumb Code    24  stm32f10x_usart.o(.text)
    USART_ITConfig                           0x08001e03   Thumb Code    74  stm32f10x_usart.o(.text)
    USART_DMACmd                             0x08001e4d   Thumb Code    18  stm32f10x_usart.o(.text)
    USART_SetAddress                         0x08001e5f   Thumb Code    18  stm32f10x_usart.o(.text)
    USART_WakeUpConfig                       0x08001e71   Thumb Code    18  stm32f10x_usart.o(.text)
    USART_ReceiverWakeUpCmd                  0x08001e83   Thumb Code    24  stm32f10x_usart.o(.text)
    USART_LINBreakDetectLengthConfig         0x08001e9b   Thumb Code    18  stm32f10x_usart.o(.text)
    USART_LINCmd                             0x08001ead   Thumb Code    24  stm32f10x_usart.o(.text)
    USART_SendData                           0x08001ec5   Thumb Code     8  stm32f10x_usart.o(.text)
    USART_ReceiveData                        0x08001ecd   Thumb Code    10  stm32f10x_usart.o(.text)
    USART_SendBreak                          0x08001ed7   Thumb Code    10  stm32f10x_usart.o(.text)
    USART_SetGuardTime                       0x08001ee1   Thumb Code    16  stm32f10x_usart.o(.text)
    USART_SetPrescaler                       0x08001ef1   Thumb Code    16  stm32f10x_usart.o(.text)
    USART_SmartCardCmd                       0x08001f01   Thumb Code    24  stm32f10x_usart.o(.text)
    USART_SmartCardNACKCmd                   0x08001f19   Thumb Code    24  stm32f10x_usart.o(.text)
    USART_HalfDuplexCmd                      0x08001f31   Thumb Code    24  stm32f10x_usart.o(.text)
    USART_OverSampling8Cmd                   0x08001f49   Thumb Code    22  stm32f10x_usart.o(.text)
    USART_OneBitMethodCmd                    0x08001f5f   Thumb Code    24  stm32f10x_usart.o(.text)
    USART_IrDAConfig                         0x08001f77   Thumb Code    18  stm32f10x_usart.o(.text)
    USART_IrDACmd                            0x08001f89   Thumb Code    24  stm32f10x_usart.o(.text)
    USART_GetFlagStatus                      0x08001fa1   Thumb Code    26  stm32f10x_usart.o(.text)
    USART_ClearFlag                          0x08001fbb   Thumb Code    18  stm32f10x_usart.o(.text)
    USART_GetITStatus                        0x08001fcd   Thumb Code    84  stm32f10x_usart.o(.text)
    USART_ClearITPendingBit                  0x08002021   Thumb Code    52  stm32f10x_usart.o(.text)
    main                                     0x08002055   Thumb Code    70  main.o(.text)
    NMI_Handler                              0x08002131   Thumb Code     2  stm32f10x_it.o(.text)
    HardFault_Handler                        0x08002133   Thumb Code     4  stm32f10x_it.o(.text)
    MemManage_Handler                        0x08002137   Thumb Code     4  stm32f10x_it.o(.text)
    BusFault_Handler                         0x0800213b   Thumb Code     4  stm32f10x_it.o(.text)
    UsageFault_Handler                       0x0800213f   Thumb Code     4  stm32f10x_it.o(.text)
    SVC_Handler                              0x08002143   Thumb Code     2  stm32f10x_it.o(.text)
    DebugMon_Handler                         0x08002145   Thumb Code     2  stm32f10x_it.o(.text)
    PendSV_Handler                           0x08002147   Thumb Code     2  stm32f10x_it.o(.text)
    SysTick_Handler                          0x08002149   Thumb Code     2  stm32f10x_it.o(.text)
    TIM2_IRQHandler                          0x0800214b   Thumb Code    26  stm32f10x_it.o(.text)
    USART1_Config                            0x08002165   Thumb Code   114  bsp_usart1.o(.text)
    USART2_Config                            0x080021d7   Thumb Code   124  bsp_usart1.o(.text)
    fputc                                    0x08002253   Thumb Code    32  bsp_usart1.o(.text)
    fgetc                                    0x08002273   Thumb Code    26  bsp_usart1.o(.text)
    SPI_FLASH_Init                           0x08002299   Thumb Code   202  bsp_spi_flash.o(.text)
    SPI_FLASH_SendByte                       0x08002363   Thumb Code    50  bsp_spi_flash.o(.text)
    SPI_FLASH_ReadByte                       0x08002395   Thumb Code    10  bsp_spi_flash.o(.text)
    SPI_FLASH_SendHalfWord                   0x0800239f   Thumb Code    48  bsp_spi_flash.o(.text)
    Buffercmp                                0x080023cf   Thumb Code    36  bsp_spi_flash.o(.text)
    SPI_Delay                                0x080023f3   Thumb Code    18  bsp_spi_flash.o(.text)
    TIM2_NVIC_Configuration                  0x08002415   Thumb Code    42  bsp_timbase.o(.text)
    TIM2_Configuration                       0x0800243f   Thumb Code    80  bsp_timbase.o(.text)
    set_w5500_ip                             0x08002491   Thumb Code   250  w5500_conf.o(.text)
    set_w5500_mac                            0x0800258b   Thumb Code    32  w5500_conf.o(.text)
    gpio_for_w5500_config                    0x080025ab   Thumb Code   138  w5500_conf.o(.text)
    wiz_cs                                   0x08002635   Thumb Code    32  w5500_conf.o(.text)
    iinchip_csoff                            0x08002655   Thumb Code    10  w5500_conf.o(.text)
    iinchip_cson                             0x0800265f   Thumb Code    10  w5500_conf.o(.text)
    reset_w5500                              0x08002669   Thumb Code    34  w5500_conf.o(.text)
    IINCHIP_SpiSendData                      0x0800268b   Thumb Code    12  w5500_conf.o(.text)
    IINCHIP_WRITE                            0x08002697   Thumb Code    50  w5500_conf.o(.text)
    IINCHIP_READ                             0x080026c9   Thumb Code    50  w5500_conf.o(.text)
    wiz_write_buf                            0x080026fb   Thumb Code    80  w5500_conf.o(.text)
    wiz_read_buf                             0x0800274b   Thumb Code    78  w5500_conf.o(.text)
    timer2_init                              0x08002799   Thumb Code    20  w5500_conf.o(.text)
    dhcp_timer_init                          0x080027ad   Thumb Code     8  w5500_conf.o(.text)
    ntp_timer_init                           0x080027b5   Thumb Code     8  w5500_conf.o(.text)
    timer2_isr                               0x080027bd   Thumb Code    46  w5500_conf.o(.text)
    reboot                                   0x080027eb   Thumb Code    18  w5500_conf.o(.text)
    setMR                                    0x08002911   Thumb Code    14  w5500.o(.text)
    iinchip_init                             0x0800291f   Thumb Code    10  w5500.o(.text)
    getIINCHIP_RxMAX                         0x08002929   Thumb Code    10  w5500.o(.text)
    getIINCHIP_TxMAX                         0x08002933   Thumb Code    10  w5500.o(.text)
    setGAR                                   0x0800293d   Thumb Code    16  w5500.o(.text)
    getGAR                                   0x0800294d   Thumb Code    16  w5500.o(.text)
    setSUBR                                  0x0800295d   Thumb Code    18  w5500.o(.text)
    setSHAR                                  0x0800296f   Thumb Code    18  w5500.o(.text)
    setSIPR                                  0x08002981   Thumb Code    18  w5500.o(.text)
    getSUBR                                  0x08002993   Thumb Code    18  w5500.o(.text)
    getSHAR                                  0x080029a5   Thumb Code    18  w5500.o(.text)
    getSIPR                                  0x080029b7   Thumb Code    18  w5500.o(.text)
    getIR                                    0x080029c9   Thumb Code    12  w5500.o(.text)
    setRTR                                   0x080029d5   Thumb Code    26  w5500.o(.text)
    setRCR                                   0x080029ef   Thumb Code    16  w5500.o(.text)
    clearIR                                  0x080029ff   Thumb Code    26  w5500.o(.text)
    setSn_MSS                                0x08002a19   Thumb Code    36  w5500.o(.text)
    setSn_TTL                                0x08002a3d   Thumb Code    22  w5500.o(.text)
    getSn_IR                                 0x08002a53   Thumb Code    18  w5500.o(.text)
    setSn_IR                                 0x08002a65   Thumb Code    22  w5500.o(.text)
    getSn_SR                                 0x08002a7b   Thumb Code    18  w5500.o(.text)
    getSn_TX_FSR                             0x08002a8d   Thumb Code    84  w5500.o(.text)
    getSn_RX_RSR                             0x08002ae1   Thumb Code    84  w5500.o(.text)
    send_data_processing                     0x08002b35   Thumb Code   116  w5500.o(.text)
    recv_data_processing                     0x08002ba9   Thumb Code   116  w5500.o(.text)
    socket_buf_init                          0x08002c1d   Thumb Code   128  w5500.o(.text)
    close                                    0x08002ce5   Thumb Code    52  socket.o(.text)
    socket                                   0x08002d19   Thumb Code   192  socket.o(.text)
    listen                                   0x08002dd9   Thumb Code    62  socket.o(.text)
    connect                                  0x08002e17   Thumb Code   248  socket.o(.text)
    disconnect                               0x08002f0f   Thumb Code    38  socket.o(.text)
    send                                     0x08002f35   Thumb Code   216  socket.o(.text)
    recv                                     0x0800300d   Thumb Code    66  socket.o(.text)
    sendto                                   0x0800304f   Thumb Code   268  socket.o(.text)
    recvfrom                                 0x0800315b   Thumb Code   510  socket.o(.text)
    systick_init                             0x08003371   Thumb Code    56  utility.o(.text)
    delay_ms                                 0x080033a9   Thumb Code    56  utility.o(.text)
    delay_s                                  0x080033e1   Thumb Code    22  utility.o(.text)
    delay_us                                 0x080033f7   Thumb Code    56  utility.o(.text)
    c2d                                      0x0800342f   Thumb Code    54  utility.o(.text)
    atoi16                                   0x08003465   Thumb Code    32  utility.o(.text)
    atoi32                                   0x08003485   Thumb Code    32  utility.o(.text)
    itoa                                     0x080034a5   Thumb Code    64  utility.o(.text)
    validatoi                                0x080034e5   Thumb Code    72  utility.o(.text)
    replacetochar                            0x0800352d   Thumb Code    26  utility.o(.text)
    swaps                                    0x08003547   Thumb Code    14  utility.o(.text)
    swapl                                    0x08003555   Thumb Code    28  utility.o(.text)
    mid                                      0x08003571   Thumb Code    68  utility.o(.text)
    inet_addr_                               0x080035b5   Thumb Code    90  utility.o(.text)
    inet_ntoa                                0x0800360f   Thumb Code    40  utility.o(.text)
    inet_ntoa_pad                            0x08003637   Thumb Code    40  utility.o(.text)
    verify_ip_address                        0x0800365f   Thumb Code   116  utility.o(.text)
    htons                                    0x080036d3   Thumb Code    12  utility.o(.text)
    htonl                                    0x080036df   Thumb Code    12  utility.o(.text)
    ntohs                                    0x080036eb   Thumb Code    12  utility.o(.text)
    ntohl                                    0x080036f7   Thumb Code    12  utility.o(.text)
    checksum                                 0x08003703   Thumb Code    76  utility.o(.text)
    check_dest_in_local                      0x0800374f   Thumb Code   116  utility.o(.text)
    do_tcp_server                            0x080037c5   Thumb Code   128  tcp_demo.o(.text)
    do_tcp_client                            0x08003845   Thumb Code   142  tcp_demo.o(.text)
    do_udp                                   0x080038d3   Thumb Code   140  tcp_demo.o(.text)
    __aeabi_uldivmod                         0x08003979   Thumb Code    98  uldiv.o(.text)
    __aeabi_memset                           0x080039db   Thumb Code    14  memseta.o(.text)
    __aeabi_memset4                          0x080039db   Thumb Code     0  memseta.o(.text)
    __aeabi_memset8                          0x080039db   Thumb Code     0  memseta.o(.text)
    __aeabi_memclr                           0x080039e9   Thumb Code     4  memseta.o(.text)
    __aeabi_memclr4                          0x080039e9   Thumb Code     0  memseta.o(.text)
    __aeabi_memclr8                          0x080039e9   Thumb Code     0  memseta.o(.text)
    _memset$wrapper                          0x080039ed   Thumb Code    18  memseta.o(.text)
    strstr                                   0x080039ff   Thumb Code    36  strstr.o(.text)
    strncpy                                  0x08003a23   Thumb Code    24  strncpy.o(.text)
    strlen                                   0x08003a3b   Thumb Code    14  strlen.o(.text)
    strcpy                                   0x08003a49   Thumb Code    18  strcpy.o(.text)
    strtok                                   0x08003a5d   Thumb Code    62  strtok.o(.text)
    __aeabi_uidiv                            0x08003aa1   Thumb Code     0  uidiv.o(.text)
    __aeabi_uidivmod                         0x08003aa1   Thumb Code    44  uidiv.o(.text)
    __aeabi_llsl                             0x08003acd   Thumb Code    30  llshl.o(.text)
    _ll_shift_l                              0x08003acd   Thumb Code     0  llshl.o(.text)
    __aeabi_llsr                             0x08003aeb   Thumb Code    32  llushr.o(.text)
    _ll_ushift_r                             0x08003aeb   Thumb Code     0  llushr.o(.text)
    __I$use$fp                               0x08003b0b   Thumb Code     0  iusefp.o(.text)
    __aeabi_dadd                             0x08003b0b   Thumb Code   322  dadd.o(.text)
    __aeabi_dsub                             0x08003c4d   Thumb Code     6  dadd.o(.text)
    __aeabi_drsub                            0x08003c53   Thumb Code     6  dadd.o(.text)
    __aeabi_dmul                             0x08003c59   Thumb Code   228  dmul.o(.text)
    __aeabi_ddiv                             0x08003d3d   Thumb Code   222  ddiv.o(.text)
    __aeabi_d2ulz                            0x08003e1b   Thumb Code    48  dfixul.o(.text)
    __aeabi_cdrcmple                         0x08003e4d   Thumb Code    48  cdrcmple.o(.text)
    __scatterload                            0x08003e7d   Thumb Code    28  init.o(.text)
    __scatterload_rt2                        0x08003e7d   Thumb Code     0  init.o(.text)
    __aeabi_lasr                             0x08003ea1   Thumb Code    36  llsshr.o(.text)
    _ll_sshift_r                             0x08003ea1   Thumb Code     0  llsshr.o(.text)
    _double_round                            0x08003ec5   Thumb Code    30  depilogue.o(.text)
    _double_epilogue                         0x08003ee3   Thumb Code   156  depilogue.o(.text)
    __0printf                                0x08003f81   Thumb Code    22  printfa.o(i.__0printf)
    __1printf                                0x08003f81   Thumb Code     0  printfa.o(i.__0printf)
    __2printf$full                           0x08003f81   Thumb Code     0  printfa.o(i.__0printf)
    __c89printf                              0x08003f81   Thumb Code     0  printfa.o(i.__0printf)
    printf                                   0x08003f81   Thumb Code     0  printfa.o(i.__0printf)
    __0printf$8                              0x08003fa1   Thumb Code    22  printf8.o(i.__0printf$8)
    __1printf$8                              0x08003fa1   Thumb Code     0  printf8.o(i.__0printf$8)
    __2printf                                0x08003fa1   Thumb Code     0  printf8.o(i.__0printf$8)
    __0sprintf$8                             0x08003fc1   Thumb Code    34  printf8.o(i.__0sprintf$8)
    __1sprintf$8                             0x08003fc1   Thumb Code     0  printf8.o(i.__0sprintf$8)
    __2sprintf                               0x08003fc1   Thumb Code     0  printf8.o(i.__0sprintf$8)
    __scatterload_copy                       0x08003fe9   Thumb Code    14  handlers.o(i.__scatterload_copy)
    __scatterload_null                       0x08003ff7   Thumb Code     2  handlers.o(i.__scatterload_null)
    __scatterload_zeroinit                   0x08003ff9   Thumb Code    14  handlers.o(i.__scatterload_zeroinit)
    Region$$Table$$Base                      0x08004d54   Number         0  anon$$obj.o(Region$$Table)
    Region$$Table$$Limit                     0x08004d74   Number         0  anon$$obj.o(Region$$Table)
    SystemCoreClock                          0x20000000   Data           4  system_stm32f10x.o(.data)
    AHBPrescTable                            0x20000004   Data          16  system_stm32f10x.o(.data)
    mac                                      0x20000028   Data           6  w5500_conf.o(.data)
    local_ip                                 0x2000002e   Data           4  w5500_conf.o(.data)
    subnet                                   0x20000032   Data           4  w5500_conf.o(.data)
    gateway                                  0x20000036   Data           4  w5500_conf.o(.data)
    dns_server                               0x2000003a   Data           4  w5500_conf.o(.data)
    local_port                               0x2000003e   Data           2  w5500_conf.o(.data)
    remote_ip                                0x20000040   Data           4  w5500_conf.o(.data)
    remote_port                              0x20000044   Data           2  w5500_conf.o(.data)
    ip_from                                  0x20000046   Data           1  w5500_conf.o(.data)
    dhcp_ok                                  0x20000047   Data           1  w5500_conf.o(.data)
    ms                                       0x20000048   Data           4  w5500_conf.o(.data)
    dhcp_time                                0x2000004c   Data           4  w5500_conf.o(.data)
    ntptimer                                 0x20000050   Data           1  w5500_conf.o(.data)
    txsize                                   0x20000051   Data           8  w5500.o(.data)
    rxsize                                   0x20000059   Data           8  w5500.o(.data)
    __stdout                                 0x2000006c   Data           4  stdout.o(.data)
    ConfigMsg                                0x20000070   Data          28  w5500_conf.o(.bss)
    EEPROM_MSG                               0x2000008c   Data          18  w5500_conf.o(.bss)
    SSIZE                                    0x2000009e   Data          16  w5500.o(.bss)
    RSIZE                                    0x200000ae   Data          16  w5500.o(.bss)
    buff                                     0x200000ee   Data        2048  tcp_demo.o(.bss)
    DHCP_GET                                 0x200008ee   Data          22  dhcp.o(.bss)
    EXTERN_DHCPBUF                           0x20000904   Data        1024  dhcp.o(.bss)
    __initial_sp                             0x20001108   Data           0  startup_stm32f10x_hd.o(STACK)



==============================================================================

Memory Map of the image

  Image Entry point : 0x08000131

  Load Region LR_IROM1 (Base: 0x08000000, Size: 0x00004de4, Max: 0x00040000, ABSOLUTE)

    Execution Region ER_IROM1 (Base: 0x08000000, Size: 0x00004d74, Max: 0x00040000, ABSOLUTE)

    Base Addr    Size         Type   Attr      Idx    E Section Name        Object

    0x08000000   0x00000130   Data   RO            3    RESET               startup_stm32f10x_hd.o
    0x08000130   0x00000000   Code   RO          642  * .ARM.Collect$$$$00000000  mc_w.l(entry.o)
    0x08000130   0x00000004   Code   RO          936    .ARM.Collect$$$$00000001  mc_w.l(entry2.o)
    0x08000134   0x00000004   Code   RO          939    .ARM.Collect$$$$00000004  mc_w.l(entry5.o)
    0x08000138   0x00000000   Code   RO          941    .ARM.Collect$$$$00000008  mc_w.l(entry7b.o)
    0x08000138   0x00000000   Code   RO          943    .ARM.Collect$$$$0000000A  mc_w.l(entry8b.o)
    0x08000138   0x00000008   Code   RO          944    .ARM.Collect$$$$0000000B  mc_w.l(entry9a.o)
    0x08000140   0x00000000   Code   RO          946    .ARM.Collect$$$$0000000D  mc_w.l(entry10a.o)
    0x08000140   0x00000000   Code   RO          948    .ARM.Collect$$$$0000000F  mc_w.l(entry11a.o)
    0x08000140   0x00000004   Code   RO          937    .ARM.Collect$$$$00002712  mc_w.l(entry2.o)
    0x08000144   0x00000024   Code   RO            4    .text               startup_stm32f10x_hd.o
    0x08000168   0x000001e0   Code   RO           24    .text               system_stm32f10x.o
    0x08000348   0x000000dc   Code   RO          121    .text               misc.o
    0x08000424   0x0000035c   Code   RO          173    .text               stm32f10x_gpio.o
    0x08000780   0x000003a4   Code   RO          185    .text               stm32f10x_rcc.o
    0x08000b24   0x0000030c   Code   RO          199    .text               stm32f10x_spi.o
    0x08000e30   0x00000e1a   Code   RO          211    .text               stm32f10x_tim.o
    0x08001c4a   0x00000002   PAD
    0x08001c4c   0x00000408   Code   RO          223    .text               stm32f10x_usart.o
    0x08002054   0x000000dc   Code   RO          235    .text               main.o
    0x08002130   0x00000034   Code   RO          306    .text               stm32f10x_it.o
    0x08002164   0x00000134   Code   RO          321    .text               bsp_usart1.o
    0x08002298   0x0000017c   Code   RO          333    .text               bsp_spi_flash.o
    0x08002414   0x0000007a   Code   RO          349    .text               bsp_timbase.o
    0x0800248e   0x00000002   PAD
    0x08002490   0x00000480   Code   RO          364    .text               w5500_conf.o
    0x08002910   0x000003d4   Code   RO          398    .text               w5500.o
    0x08002ce4   0x0000068c   Code   RO          424    .text               socket.o
    0x08003370   0x00000452   Code   RO          447    .text               utility.o
    0x080037c2   0x00000002   PAD
    0x080037c4   0x000001b4   Code   RO          477    .text               tcp_demo.o
    0x08003978   0x00000062   Code   RO          645    .text               mc_w.l(uldiv.o)
    0x080039da   0x00000024   Code   RO          649    .text               mc_w.l(memseta.o)
    0x080039fe   0x00000024   Code   RO          653    .text               mc_w.l(strstr.o)
    0x08003a22   0x00000018   Code   RO          655    .text               mc_w.l(strncpy.o)
    0x08003a3a   0x0000000e   Code   RO          659    .text               mc_w.l(strlen.o)
    0x08003a48   0x00000012   Code   RO          665    .text               mc_w.l(strcpy.o)
    0x08003a5a   0x00000002   PAD
    0x08003a5c   0x00000044   Code   RO          667    .text               mc_w.l(strtok.o)
    0x08003aa0   0x0000002c   Code   RO          951    .text               mc_w.l(uidiv.o)
    0x08003acc   0x0000001e   Code   RO          953    .text               mc_w.l(llshl.o)
    0x08003aea   0x00000020   Code   RO          955    .text               mc_w.l(llushr.o)
    0x08003b0a   0x00000000   Code   RO          957    .text               mc_w.l(iusefp.o)
    0x08003b0a   0x0000014e   Code   RO          958    .text               mf_w.l(dadd.o)
    0x08003c58   0x000000e4   Code   RO          960    .text               mf_w.l(dmul.o)
    0x08003d3c   0x000000de   Code   RO          962    .text               mf_w.l(ddiv.o)
    0x08003e1a   0x00000030   Code   RO          964    .text               mf_w.l(dfixul.o)
    0x08003e4a   0x00000002   PAD
    0x08003e4c   0x00000030   Code   RO          966    .text               mf_w.l(cdrcmple.o)
    0x08003e7c   0x00000024   Code   RO          968    .text               mc_w.l(init.o)
    0x08003ea0   0x00000024   Code   RO          970    .text               mc_w.l(llsshr.o)
    0x08003ec4   0x000000ba   Code   RO          972    .text               mf_w.l(depilogue.o)
    0x08003f7e   0x00000002   PAD
    0x08003f80   0x00000020   Code   RO          908    i.__0printf         mc_w.l(printfa.o)
    0x08003fa0   0x00000020   Code   RO          882    i.__0printf$8       mc_w.l(printf8.o)
    0x08003fc0   0x00000028   Code   RO          884    i.__0sprintf$8      mc_w.l(printf8.o)
    0x08003fe8   0x0000000e   Code   RO          976    i.__scatterload_copy  mc_w.l(handlers.o)
    0x08003ff6   0x00000002   Code   RO          977    i.__scatterload_null  mc_w.l(handlers.o)
    0x08003ff8   0x0000000e   Code   RO          978    i.__scatterload_zeroinit  mc_w.l(handlers.o)
    0x08004006   0x00000002   PAD
    0x08004008   0x00000164   Code   RO          915    i._fp_digits        mc_w.l(printfa.o)
    0x0800416c   0x00000410   Code   RO          889    i._printf_core      mc_w.l(printf8.o)
    0x0800457c   0x000006dc   Code   RO          916    i._printf_core      mc_w.l(printfa.o)
    0x08004c58   0x00000024   Code   RO          890    i._printf_post_padding  mc_w.l(printf8.o)
    0x08004c7c   0x00000024   Code   RO          917    i._printf_post_padding  mc_w.l(printfa.o)
    0x08004ca0   0x0000002e   Code   RO          891    i._printf_pre_padding  mc_w.l(printf8.o)
    0x08004cce   0x0000002e   Code   RO          918    i._printf_pre_padding  mc_w.l(printfa.o)
    0x08004cfc   0x0000000a   Code   RO          893    i._sputc            mc_w.l(printf8.o)
    0x08004d06   0x00000002   PAD
    0x08004d08   0x00000049   Data   RO          236    .conststring        main.o
    0x08004d51   0x00000003   PAD
    0x08004d54   0x00000020   Data   RO          974    Region$$Table       anon$$obj.o


    Execution Region RW_IRAM1 (Base: 0x20000000, Size: 0x00001108, Max: 0x0000c000, ABSOLUTE)

    Base Addr    Size         Type   Attr      Idx    E Section Name        Object

    0x20000000   0x00000014   Data   RW           25    .data               system_stm32f10x.o
    0x20000014   0x00000014   Data   RW          186    .data               stm32f10x_rcc.o
    0x20000028   0x00000029   Data   RW          366    .data               w5500_conf.o
    0x20000051   0x00000010   Data   RW          400    .data               w5500.o
    0x20000061   0x00000001   PAD
    0x20000062   0x00000004   Data   RW          449    .data               utility.o
    0x20000066   0x00000002   PAD
    0x20000068   0x00000004   Data   RW          668    .data               mc_w.l(strtok.o)
    0x2000006c   0x00000004   Data   RW          950    .data               mc_w.l(stdout.o)
    0x20000070   0x0000002e   Zero   RW          365    .bss                w5500_conf.o
    0x2000009e   0x00000020   Zero   RW          399    .bss                w5500.o
    0x200000be   0x00000030   Zero   RW          448    .bss                utility.o
    0x200000ee   0x00000800   Zero   RW          478    .bss                tcp_demo.o
    0x200008ee   0x00000416   Zero   RW          508    .bss                dhcp.o
    0x20000d04   0x00000004   PAD
    0x20000d08   0x00000400   Zero   RW            1    STACK               startup_stm32f10x_hd.o


==============================================================================

Image component sizes


      Code (inc. data)   RO Data    RW Data    ZI Data      Debug   Object Name

       380         16          0          0          0       2522   bsp_spi_flash.o
       122          0          0          0          0        717   bsp_timbase.o
       308         12          0          0          0       1278   bsp_usart1.o
         0          0          0          0          0       4500   core_cm3.o
         0          0          0          0       1046       4462   dhcp.o
       220        150         73          0          0       1687   main.o
       220         22          0          0          0       1781   misc.o
      1676         48          0          0          0       4847   socket.o
        36          8        304          0       1024        852   startup_stm32f10x_hd.o
       860         38          0          0          0       5713   stm32f10x_gpio.o
        52          0          0          0          0       1386   stm32f10x_it.o
       932         36          0         20          0       8880   stm32f10x_rcc.o
       780         14          0          0          0       6598   stm32f10x_spi.o
      3610         88          0          0          0      22824   stm32f10x_tim.o
      1032         22          0          0          0       8440   stm32f10x_usart.o
       480         38          0         20          0     257043   system_stm32f10x.o
       436         26          0          0       2048       2240   tcp_demo.o
      1106         54          0          4         48       7042   utility.o
       980         72          0         16         32       6228   w5500.o
      1152        276          0         41         46       7575   w5500_conf.o

    ----------------------------------------------------------------------
     14388        920        412        104       4248     356615   Object Totals
         0          0         32          0          0          0   (incl. Generated)
         6          0          3          3          4          0   (incl. Padding)

    ----------------------------------------------------------------------

      Code (inc. data)   RO Data    RW Data    ZI Data      Debug   Library Member Name

         0          0          0          0          0          0   entry.o
         0          0          0          0          0          0   entry10a.o
         0          0          0          0          0          0   entry11a.o
         8          4          0          0          0          0   entry2.o
         4          0          0          0          0          0   entry5.o
         0          0          0          0          0          0   entry7b.o
         0          0          0          0          0          0   entry8b.o
         8          4          0          0          0          0   entry9a.o
        30          0          0          0          0          0   handlers.o
        36          8          0          0          0         68   init.o
         0          0          0          0          0          0   iusefp.o
        30          0          0          0          0         68   llshl.o
        36          0          0          0          0         68   llsshr.o
        32          0          0          0          0         68   llushr.o
        36          0          0          0          0        108   memseta.o
      1204         60          0          0          0        504   printf8.o
      2226         90          0          0          0        444   printfa.o
         0          0          0          4          0          0   stdout.o
        18          0          0          0          0         68   strcpy.o
        14          0          0          0          0         68   strlen.o
        24          0          0          0          0         76   strncpy.o
        36          0          0          0          0         80   strstr.o
        68          6          0          4          0         80   strtok.o
        44          0          0          0          0         80   uidiv.o
        98          0          0          0          0         92   uldiv.o
        48          0          0          0          0         68   cdrcmple.o
       334          0          0          0          0        148   dadd.o
       222          0          0          0          0        100   ddiv.o
       186          0          0          0          0        176   depilogue.o
        48          0          0          0          0         68   dfixul.o
       228          0          0          0          0         96   dmul.o

    ----------------------------------------------------------------------
      5028        172          0          8          0       2528   Library Totals
        10          0          0          0          0          0   (incl. Padding)

    ----------------------------------------------------------------------

      Code (inc. data)   RO Data    RW Data    ZI Data      Debug   Library Name

      3952        172          0          8          0       1872   mc_w.l
      1066          0          0          0          0        656   mf_w.l

    ----------------------------------------------------------------------
      5028        172          0          8          0       2528   Library Totals

    ----------------------------------------------------------------------

==============================================================================


      Code (inc. data)   RO Data    RW Data    ZI Data      Debug   

     19416       1092        412        112       4248     356383   Grand Totals
     19416       1092        412        112       4248     356383   ELF Image Totals
     19416       1092        412        112          0          0   ROM Totals

==============================================================================

    Total RO  Size (Code + RO Data)                19828 (  19.36kB)
    Total RW  Size (RW Data + ZI Data)              4360 (   4.26kB)
    Total ROM Size (Code + RO Data + RW Data)      19940 (  19.47kB)

==============================================================================

